Archive member included to satisfy reference by file (symbol)

c:/st/stm32cubeide_1.12.1/stm32cubeide/plugins/com.st.stm32cube.ide.mcu.externaltools.gnu-tools-for-stm32.10.3-2021.10.win32_1.0.200.202301161003/tools/bin/../lib/gcc/arm-none-eabi/10.3.1/../../../../arm-none-eabi/lib/thumb/v7-m/nofp\libc_nano.a(lib_a-errno.o)
                              ./Core/Src/syscalls.o (__errno)
c:/st/stm32cubeide_1.12.1/stm32cubeide/plugins/com.st.stm32cube.ide.mcu.externaltools.gnu-tools-for-stm32.10.3-2021.10.win32_1.0.200.202301161003/tools/bin/../lib/gcc/arm-none-eabi/10.3.1/../../../../arm-none-eabi/lib/thumb/v7-m/nofp\libc_nano.a(lib_a-exit.o)
                              c:/st/stm32cubeide_1.12.1/stm32cubeide/plugins/com.st.stm32cube.ide.mcu.externaltools.gnu-tools-for-stm32.10.3-2021.10.win32_1.0.200.202301161003/tools/bin/../lib/gcc/arm-none-eabi/10.3.1/../../../../arm-none-eabi/lib/thumb/v7-m/nofp/crt0.o (exit)
c:/st/stm32cubeide_1.12.1/stm32cubeide/plugins/com.st.stm32cube.ide.mcu.externaltools.gnu-tools-for-stm32.10.3-2021.10.win32_1.0.200.202301161003/tools/bin/../lib/gcc/arm-none-eabi/10.3.1/../../../../arm-none-eabi/lib/thumb/v7-m/nofp\libc_nano.a(lib_a-impure.o)
                              c:/st/stm32cubeide_1.12.1/stm32cubeide/plugins/com.st.stm32cube.ide.mcu.externaltools.gnu-tools-for-stm32.10.3-2021.10.win32_1.0.200.202301161003/tools/bin/../lib/gcc/arm-none-eabi/10.3.1/../../../../arm-none-eabi/lib/thumb/v7-m/nofp\libc_nano.a(lib_a-exit.o) (_global_impure_ptr)
c:/st/stm32cubeide_1.12.1/stm32cubeide/plugins/com.st.stm32cube.ide.mcu.externaltools.gnu-tools-for-stm32.10.3-2021.10.win32_1.0.200.202301161003/tools/bin/../lib/gcc/arm-none-eabi/10.3.1/../../../../arm-none-eabi/lib/thumb/v7-m/nofp\libc_nano.a(lib_a-init.o)
                              c:/st/stm32cubeide_1.12.1/stm32cubeide/plugins/com.st.stm32cube.ide.mcu.externaltools.gnu-tools-for-stm32.10.3-2021.10.win32_1.0.200.202301161003/tools/bin/../lib/gcc/arm-none-eabi/10.3.1/../../../../arm-none-eabi/lib/thumb/v7-m/nofp/crt0.o (__libc_init_array)
c:/st/stm32cubeide_1.12.1/stm32cubeide/plugins/com.st.stm32cube.ide.mcu.externaltools.gnu-tools-for-stm32.10.3-2021.10.win32_1.0.200.202301161003/tools/bin/../lib/gcc/arm-none-eabi/10.3.1/../../../../arm-none-eabi/lib/thumb/v7-m/nofp\libc_nano.a(lib_a-memset.o)
                              c:/st/stm32cubeide_1.12.1/stm32cubeide/plugins/com.st.stm32cube.ide.mcu.externaltools.gnu-tools-for-stm32.10.3-2021.10.win32_1.0.200.202301161003/tools/bin/../lib/gcc/arm-none-eabi/10.3.1/../../../../arm-none-eabi/lib/thumb/v7-m/nofp/crt0.o (memset)
c:/st/stm32cubeide_1.12.1/stm32cubeide/plugins/com.st.stm32cube.ide.mcu.externaltools.gnu-tools-for-stm32.10.3-2021.10.win32_1.0.200.202301161003/tools/bin/../lib/gcc/arm-none-eabi/10.3.1/../../../../arm-none-eabi/lib/thumb/v7-m/nofp\libc_nano.a(lib_a-nano-vfprintf_float.o)
                              (_printf_float)
c:/st/stm32cubeide_1.12.1/stm32cubeide/plugins/com.st.stm32cube.ide.mcu.externaltools.gnu-tools-for-stm32.10.3-2021.10.win32_1.0.200.202301161003/tools/bin/../lib/gcc/arm-none-eabi/10.3.1/../../../../arm-none-eabi/lib/thumb/v7-m/nofp\libc_nano.a(lib_a-nano-vfprintf_i.o)
                              c:/st/stm32cubeide_1.12.1/stm32cubeide/plugins/com.st.stm32cube.ide.mcu.externaltools.gnu-tools-for-stm32.10.3-2021.10.win32_1.0.200.202301161003/tools/bin/../lib/gcc/arm-none-eabi/10.3.1/../../../../arm-none-eabi/lib/thumb/v7-m/nofp\libc_nano.a(lib_a-nano-vfprintf_float.o) (_printf_common)
c:/st/stm32cubeide_1.12.1/stm32cubeide/plugins/com.st.stm32cube.ide.mcu.externaltools.gnu-tools-for-stm32.10.3-2021.10.win32_1.0.200.202301161003/tools/bin/../lib/gcc/arm-none-eabi/10.3.1/../../../../arm-none-eabi/lib/thumb/v7-m/nofp\libc_nano.a(lib_a-sprintf.o)
                              ./Core/Src/main.o (sprintf)
c:/st/stm32cubeide_1.12.1/stm32cubeide/plugins/com.st.stm32cube.ide.mcu.externaltools.gnu-tools-for-stm32.10.3-2021.10.win32_1.0.200.202301161003/tools/bin/../lib/gcc/arm-none-eabi/10.3.1/../../../../arm-none-eabi/lib/thumb/v7-m/nofp\libc_nano.a(lib_a-strlen.o)
                              ./Core/Src/LiquidCrystal.o (strlen)
c:/st/stm32cubeide_1.12.1/stm32cubeide/plugins/com.st.stm32cube.ide.mcu.externaltools.gnu-tools-for-stm32.10.3-2021.10.win32_1.0.200.202301161003/tools/bin/../lib/gcc/arm-none-eabi/10.3.1/../../../../arm-none-eabi/lib/thumb/v7-m/nofp\libc_nano.a(lib_a-dtoa.o)
                              c:/st/stm32cubeide_1.12.1/stm32cubeide/plugins/com.st.stm32cube.ide.mcu.externaltools.gnu-tools-for-stm32.10.3-2021.10.win32_1.0.200.202301161003/tools/bin/../lib/gcc/arm-none-eabi/10.3.1/../../../../arm-none-eabi/lib/thumb/v7-m/nofp\libc_nano.a(lib_a-nano-vfprintf_float.o) (_dtoa_r)
c:/st/stm32cubeide_1.12.1/stm32cubeide/plugins/com.st.stm32cube.ide.mcu.externaltools.gnu-tools-for-stm32.10.3-2021.10.win32_1.0.200.202301161003/tools/bin/../lib/gcc/arm-none-eabi/10.3.1/../../../../arm-none-eabi/lib/thumb/v7-m/nofp\libc_nano.a(lib_a-localeconv.o)
[...]
Memory Configuration

Name             Origin             Length             Attributes
RAM              0x0000000020000000 0x0000000000002800 xrw
FLASH            0x0000000008000000 0x0000000000008000 xr
*default*        0x0000000000000000 0xffffffffffffffff

Linker script and memory map

LOAD c:/st/stm32cubeide_1.12.1/stm32cubeide/plugins/com.st.stm32cube.ide.mcu.externaltools.gnu-tools-for-stm32.10.3-2021.10.win32_1.0.200.202301161003/tools/bin/../lib/gcc/arm-none-eabi/10.3.1/thumb/v7-m/nofp/crti.o
LOAD c:/st/stm32cubeide_1.12.1/stm32cubeide/plugins/com.st.stm32cube.ide.mcu.externaltools.gnu-tools-for-stm32.10.3-2021.10.win32_1.0.200.202301161003/tools/bin/../lib/gcc/arm-none-eabi/10.3.1/thumb/v7-m/nofp/crtbegin.o
LOAD c:/st/stm32cubeide_1.12.1/stm32cubeide/plugins/com.st.stm32cube.ide.mcu.externaltools.gnu-tools-for-stm32.10.3-2021.10.win32_1.0.200.202301161003/tools/bin/../lib/gcc/arm-none-eabi/10.3.1/../../../../arm-none-eabi/lib/thumb/v7-m/nofp/crt0.o
LOAD ./Core/Src/LiquidCrystal.o
LOAD ./Core/Src/main.o
LOAD ./Core/Src/stm32f1xx_hal_msp.o
LOAD ./Core/Src/stm32f1xx_it.o
LOAD ./Core/Src/syscalls.o
LOAD ./Core/Src/sysmem.o
LOAD ./Core/Src/system_stm32f1xx.o
LOAD ./Core/Startup/startup_stm32f103c6tx.o
LOAD ./Drivers/STM32F1xx_HAL_Driver/Src/stm32f1xx_hal.o
LOAD ./Drivers/STM32F1xx_HAL_Driver/Src/stm32f1xx_hal_adc.o
LOAD ./Drivers/STM32F1xx_HAL_Driver/Src/stm32f1xx_hal_adc_ex.o
LOAD ./Drivers/STM32F1xx_HAL_Driver/Src/stm32f1xx_hal_cortex.o
LOAD ./Drivers/STM32F1xx_HAL_Driver/Src/stm32f1xx_hal_dma.o
LOAD ./Drivers/STM32F1xx_HAL_Driver/Src/stm32f1xx_hal_exti.o
LOAD ./Drivers/STM32F1xx_HAL_Driver/Src/stm32f1xx_hal_flash.o
LOAD ./Drivers/STM32F1xx_HAL_Driver/Src/stm32f1xx_hal_flash_ex.o
LOAD ./Drivers/STM32F1xx_HAL_Driver/Src/stm32f1xx_hal_gpio.o
LOAD ./Drivers/STM32F1xx_HAL_Driver/Src/stm32f1xx_hal_gpio_ex.o
LOAD ./Drivers/STM32F1xx_HAL_Driver/Src/stm32f1xx_hal_pwr.o
LOAD ./Drivers/STM32F1xx_HAL_Driver/Src/stm32f1xx_hal_rcc.o
LOAD ./Drivers/STM32F1xx_HAL_Driver/Src/stm32f1xx_hal_rcc_ex.o
LOAD ./Drivers/STM32F1xx_HAL_Driver/Src/stm32f1xx_hal_tim.o
LOAD ./Drivers/STM32F1xx_HAL_Driver/Src/stm32f1xx_hal_tim_ex.o
LOAD ./Drivers/STM32F1xx_HAL_Driver/Src/stm32f1xx_hal_uart.o
START GROUP
LOAD c:/st/stm32cubeide_1.12.1/stm32cubeide/plugins/com.st.stm32cube.ide.mcu.externaltools.gnu-tools-for-stm32.10.3-2021.10.win32_1.0.200.202301161003/tools/bin/../lib/gcc/arm-none-eabi/10.3.1/../../../../arm-none-eabi/lib/thumb/v7-m/nofp\libc_nano.a
LOAD c:/st/stm32cubeide_1.12.1/stm32cubeide/plugins/com.st.stm32cube.ide.mcu.externaltools.gnu-tools-for-stm32.10.3-2021.10.win32_1.0.200.202301161003/tools/bin/../lib/gcc/arm-none-eabi/10.3.1/../../../../arm-none-eabi/lib/thumb/v7-m/nofp\libm.a
END GROUP
START GROUP
LOAD c:/st/stm32cubeide_1.12.1/stm32cubeide/plugins/com.st.stm32cube.ide.mcu.externaltools.gnu-tools-for-stm32.10.3-2021.10.win32_1.0.200.202301161003/tools/bin/../lib/gcc/arm-none-eabi/10.3.1/thumb/v7-m/nofp\libgcc.a
LOAD c:/st/stm32cubeide_1.12.1/stm32cubeide/plugins/com.st.stm32cube.ide.mcu.externaltools.gnu-tools-for-stm32.10.3-2021.10.win32_1.0.200.202301161003/tools/bin/../lib/gcc/arm-none-eabi/10.3.1/../../../../arm-none-eabi/lib/thumb/v7-m/nofp\libc_nano.a
END GROUP
START GROUP
LOAD c:/st/stm32cubeide_1.12.1/stm32cubeide/plugins/com.st.stm32cube.ide.mcu.externaltools.gnu-tools-for-stm32.10.3-2021.10.win32_1.0.200.202301161003/tools/bin/../lib/gcc/arm-none-eabi/10.3.1/thumb/v7-m/nofp\libgcc.a
LOAD c:/st/stm32cubeide_1.12.1/stm32cubeide/plugins/com.st.stm32cube.ide.mcu.externaltools.gnu-tools-for-stm32.10.3-2021.10.win32_1.0.200.202301161003/tools/bin/../lib/gcc/arm-none-eabi/10.3.1/../../../../arm-none-eabi/lib/thumb/v7-m/nofp\libc_nano.a
LOAD c:/st/stm32cubeide_1.12.1/stm32cubeide/plugins/com.st.stm32cube.ide.mcu.externaltools.gnu-tools-for-stm32.10.3-2021.10.win32_1.0.200.202301161003/tools/bin/../lib/gcc/arm-none-eabi/10.3.1/../../../../arm-none-eabi/lib/thumb/v7-m/nofp\libnosys.a
END GROUP
START GROUP
LOAD c:/st/stm32cubeide_1.12.1/stm32cubeide/plugins/com.st.stm32cube.ide.mcu.externaltools.gnu-tools-for-stm32.10.3-2021.10.win32_1.0.200.202301161003/tools/bin/../lib/gcc/arm-none-eabi/10.3.1/thumb/v7-m/nofp\libgcc.a
LOAD c:/st/stm32cubeide_1.12.1/stm32cubeide/plugins/com.st.stm32cube.ide.mcu.externaltools.gnu-tools-for-stm32.10.3-2021.10.win32_1.0.200.202301161003/tools/bin/../lib/gcc/arm-none-eabi/10.3.1/../../../../arm-none-eabi/lib/thumb/v7-m/nofp\libc_nano.a
LOAD c:/st/stm32cubeide_1.12.1/stm32cubeide/plugins/com.st.stm32cube.ide.mcu.externaltools.gnu-tools-for-stm32.10.3-2021.10.win32_1.0.200.202301161003/tools/bin/../lib/gcc/arm-none-eabi/10.3.1/../../../../arm-none-eabi/lib/thumb/v7-m/nofp\libnosys.a
END GROUP
LOAD c:/st/stm32cubeide_1.12.1/stm32cubeide/plugins/com.st.stm32cube.ide.mcu.externaltools.gnu-tools-for-stm32.10.3-2021.10.win32_1.0.200.202301161003/tools/bin/../lib/gcc/arm-none-eabi/10.3.1/thumb/v7-m/nofp/crtend.o
LOAD c:/st/stm32cubeide_1.12.1/stm32cubeide/plugins/com.st.stm32cube.ide.mcu.externaltools.gnu-tools-for-stm32.10.3-2021.10.win32_1.0.200.202301161003/tools/bin/../lib/gcc/arm-none-eabi/10.3.1/thumb/v7-m/nofp/crtn.o
                0x0000000020002800                _estack = (ORIGIN (RAM) + LENGTH (RAM))
                0x0000000000000200                _Min_Heap_Size = 0x200
                0x0000000000000400                _Min_Stack_Size = 0x400

.isr_vector     0x0000000008000000      0x10c
                0x0000000008000000                . = ALIGN (0x4)
 *(.isr_vector)
 .isr_vector    0x0000000008000000      0x10c ./Core/Startup/startup_stm32f103c6tx.o
                0x0000000008000000                g_pfnVectors
                0x000000000800010c                . = ALIGN (0x4)

.text           0x0000000008000110     0x7660
                0x0000000008000110                . = ALIGN (0x4)
 *(.text)
 .text          0x0000000008000110       0x40 c:/st/stm32cubeide_1.12.1/stm32cubeide/plugins/com.st.stm32cube.ide.mcu.externaltools.gnu-tools-for-stm32.10.3-2021.10.win32_1.0.200.202301161003/tools/bin/../lib/gcc/arm-none-eabi/10.3.1/thumb/v7-m/nofp/crtbegin.o
 .text          0x0000000008000150       0x10 c:/st/stm32cubeide_1.12.1/stm32cubeide/plugins/com.st.stm32cube.ide.mcu.externaltools.gnu-tools-for-stm32.10.3-2021.10.win32_1.0.200.202301161003/tools/bin/../lib/gcc/arm-none-eabi/10.3.1/../../../../arm-none-eabi/lib/thumb/v7-m/nofp\libc_nano.a(lib_a-strlen.o)
                0x0000000008000150                strlen
 .text          0x0000000008000160      0x378 c:/st/stm32cubeide_1.12.1/stm32cubeide/plugins/com.st.stm32cube.ide.mcu.externaltools.gnu-tools-for-stm32.10.3-2021.10.win32_1.0.200.202301161003/tools/bin/../lib/gcc/arm-none-eabi/10.3.1/thumb/v7-m/nofp\libgcc.a(_arm_addsubdf3.o)
                0x0000000008000160                __aeabi_drsub
                0x0000000008000168                __aeabi_dsub
                0x0000000008000168                __subdf3
                0x000000000800016c                __aeabi_dadd
                0x000000000800016c                __adddf3
                0x00000000080003e4                __floatunsidf
                0x00000000080003e4                __aeabi_ui2d
                0x0000000008000404                __floatsidf
                0x0000000008000404                __aeabi_i2d
                0x0000000008000428                __aeabi_f2d
                0x0000000008000428                __extendsfdf2
                0x000000000800046c                __floatundidf
                0x000000000800046c                __aeabi_ul2d
                0x000000000800047c                __floatdidf
                0x000000000800047c                __aeabi_l2d
 .text          0x00000000080004d8      0x424 c:/st/stm32cubeide_1.12.1/stm32cubeide/plugins/com.st.stm32cube.ide.mcu.externaltools.gnu-tools-for-stm32.10.3-2021.10.win32_1.0.200.202301161003/tools/bin/../lib/gcc/arm-none-eabi/10.3.1/thumb/v7-m/nofp\libgcc.a(_arm_muldivdf3.o)
                0x00000000080004d8                __aeabi_dmul
                0x00000000080004d8                __muldf3
                0x000000000800072c                __divdf3
                0x000000000800072c                __aeabi_ddiv
 .text          0x00000000080008fc      0x110 c:/st/stm32cubeide_1.12.1/stm32cubeide/plugins/com.st.stm32cube.ide.mcu.externaltools.gnu-tools-for-stm32.10.3-2021.10.win32_1.0.200.202301161003/tools/bin/../lib/gcc/arm-none-eabi/10.3.1/thumb/v7-m/nofp\libgcc.a(_arm_cmpdf2.o)
                0x00000000080008fc                __gtdf2
                0x00000000080008fc                __gedf2
                0x0000000008000904                __ltdf2
                0x0000000008000904                __ledf2
                0x000000000800090c                __nedf2
                0x000000000800090c                __eqdf2
                0x000000000800090c                __cmpdf2
                0x0000000008000988                __aeabi_cdrcmple
                0x0000000008000998                __aeabi_cdcmpeq
                0x0000000008000998                __aeabi_cdcmple
                0x00000000080009a8                __aeabi_dcmpeq
                0x00000000080009bc                __aeabi_dcmplt
                0x00000000080009d0                __aeabi_dcmple
                0x00000000080009e4                __aeabi_dcmpge
                0x00000000080009f8                __aeabi_dcmpgt
 .text          0x0000000008000a0c       0x2c c:/st/stm32cubeide_1.12.1/stm32cubeide/plugins/com.st.stm32cube.ide.mcu.externaltools.gnu-tools-for-stm32.10.3-2021.10.win32_1.0.200.202301161003/tools/bin/../lib/gcc/arm-none-eabi/10.3.1/thumb/v7-m/nofp\libgcc.a(_arm_unorddf2.o)
                0x0000000008000a0c                __unorddf2
                0x0000000008000a0c                __aeabi_dcmpun
 .text          0x0000000008000a38       0x50 c:/st/stm32cubeide_1.12.1/stm32cubeide/plugins/com.st.stm32cube.ide.mcu.externaltools.gnu-tools-for-stm32.10.3-2021.10.win32_1.0.200.202301161003/tools/bin/../lib/gcc/arm-none-eabi/10.3.1/thumb/v7-m/nofp\libgcc.a(_arm_fixdfsi.o)
                0x0000000008000a38                __aeabi_d2iz
                0x0000000008000a38                __fixdfsi
 .text          0x0000000008000a88       0xa0 c:/st/stm32cubeide_1.12.1/stm32cubeide/plugins/com.st.stm32cube.ide.mcu.externaltools.gnu-tools-for-stm32.10.3-2021.10.win32_1.0.200.202301161003/tools/bin/../lib/gcc/arm-none-eabi/10.3.1/thumb/v7-m/nofp\libgcc.a(_arm_truncdfsf2.o)
                0x0000000008000a88                __truncdfsf2
                0x0000000008000a88                __aeabi_d2f
 .text          0x0000000008000b28      0x21c c:/st/stm32cubeide_1.12.1/stm32cubeide/plugins/com.st.stm32cube.ide.mcu.externaltools.gnu-tools-for-stm32.10.3-2021.10.win32_1.0.200.202301161003/tools/bin/../lib/gcc/arm-none-eabi/10.3.1/thumb/v7-m/nofp\libgcc.a(_arm_addsubsf3.o)
                0x0000000008000b28                __aeabi_frsub
                0x0000000008000b30                __subsf3
                0x0000000008000b30                __aeabi_fsub
                0x0000000008000b34                __aeabi_fadd
                0x0000000008000b34                __addsf3
                0x0000000008000c94                __aeabi_ui2f
                0x0000000008000c94                __floatunsisf
                0x0000000008000c9c                __aeabi_i2f
                0x0000000008000c9c                __floatsisf
                0x0000000008000cb8                __aeabi_ul2f
                0x0000000008000cb8                __floatundisf
                0x0000000008000cc8                __aeabi_l2f
                0x0000000008000cc8                __floatdisf
 .text          0x0000000008000d44      0x2a0 c:/st/stm32cubeide_1.12.1/stm32cubeide/plugins/com.st.stm32cube.ide.mcu.externaltools.gnu-tools-for-stm32.10.3-2021.10.win32_1.0.200.202301161003/tools/bin/../lib/gcc/arm-none-eabi/10.3.1/thumb/v7-m/nofp\libgcc.a(_arm_muldivsf3.o)
                0x0000000008000d44                __mulsf3
                0x0000000008000d44                __aeabi_fmul
                0x0000000008000eac                __aeabi_fdiv
                0x0000000008000eac                __divsf3
 .text          0x0000000008000fe4       0xec c:/st/stm32cubeide_1.12.1/stm32cubeide/plugins/com.st.stm32cube.ide.mcu.externaltools.gnu-tools-for-stm32.10.3-2021.10.win32_1.0.200.202301161003/tools/bin/../lib/gcc/arm-none-eabi/10.3.1/thumb/v7-m/nofp\libgcc.a(_arm_cmpsf2.o)
                0x0000000008000fe4                __gesf2
                0x0000000008000fe4                __gtsf2
                0x0000000008000fec                __lesf2
                0x0000000008000fec                __ltsf2
                0x0000000008000ff4                __nesf2
                0x0000000008000ff4                __eqsf2
                0x0000000008000ff4                __cmpsf2
                0x0000000008001054                __aeabi_cfrcmple
                0x000000000800105c                __aeabi_cfcmpeq
                0x000000000800105c                __aeabi_cfcmple
                0x000000000800106c                __aeabi_fcmpeq
                0x0000000008001080                __aeabi_fcmplt
                0x0000000008001094                __aeabi_fcmple
                0x00000000080010a8                __aeabi_fcmpge
                0x00000000080010bc                __aeabi_fcmpgt
 *(.text*)
 .text.LiquidCrystal
                0x00000000080010d0       0x94 ./Core/Src/LiquidCrystal.o
                0x00000000080010d0                LiquidCrystal
 .text.init     0x0000000008001164       0x98 ./Core/Src/LiquidCrystal.o
                0x0000000008001164                init
 .text.begin    0x00000000080011fc      0x220 ./Core/Src/LiquidCrystal.o
                0x00000000080011fc                begin
 .text.enableClock
                0x000000000800141c       0xdc ./Core/Src/LiquidCrystal.o
                0x000000000800141c                enableClock
 .text.setRowOffsets
                0x00000000080014f8       0x3c ./Core/Src/LiquidCrystal.o
                0x00000000080014f8                setRowOffsets
 .text.clear    0x0000000008001534       0x14 ./Core/Src/LiquidCrystal.o
                0x0000000008001534                clear
 .text.setCursor
                0x0000000008001548       0x64 ./Core/Src/LiquidCrystal.o
                0x0000000008001548                setCursor
 .text.display  0x00000000080015ac       0x2c ./Core/Src/LiquidCrystal.o
                0x00000000080015ac                display
 .text.print    0x00000000080015d8       0x56 ./Core/Src/LiquidCrystal.o
                0x00000000080015d8                print
 .text.command  0x000000000800162e       0x1c ./Core/Src/LiquidCrystal.o
                0x000000000800162e                command
 .text.write    0x000000000800164a       0x1e ./Core/Src/LiquidCrystal.o
                0x000000000800164a                write
 .text.send     0x0000000008001668       0x7c ./Core/Src/LiquidCrystal.o
                0x0000000008001668                send
 .text.pulseEnable
                0x00000000080016e4       0x54 ./Core/Src/LiquidCrystal.o
                0x00000000080016e4                pulseEnable
 .text.write4bits
                0x0000000008001738       0x54 ./Core/Src/LiquidCrystal.o
                0x0000000008001738                write4bits
 .text.write8bits
                0x000000000800178c       0x54 ./Core/Src/LiquidCrystal.o
                0x000000000800178c                write8bits
 .text.main     0x00000000080017e0       0x90 ./Core/Src/main.o
                0x00000000080017e0                main
 .text.SystemClock_Config
                0x0000000008001870       0xa0 ./Core/Src/main.o
                0x0000000008001870                SystemClock_Config
 .text.MX_ADC1_Init
                0x0000000008001910       0x7c ./Core/Src/main.o
 .text.MX_TIM2_Init
                0x000000000800198c       0x9c ./Core/Src/main.o
 .text.MX_USART1_UART_Init
                0x0000000008001a28       0x54 ./Core/Src/main.o
 .text.MX_GPIO_Init
                0x0000000008001a7c       0xf0 ./Core/Src/main.o
 *fill*         0x0000000008001b6c        0x4 
 .text.tempread
                0x0000000008001b70      0x12c ./Core/Src/main.o
                0x0000000008001b70                tempread
 *fill*         0x0000000008001c9c        0x4 
 .text.tempread_periodic
                0x0000000008001ca0      0x1ac ./Core/Src/main.o
                0x0000000008001ca0                tempread_periodic
 .text.read_humidity
                0x0000000008001e4c       0x3c ./Core/Src/main.o
                0x0000000008001e4c                read_humidity
 .text.HAL_TIM_PeriodElapsedCallback
                0x0000000008001e88       0x18 ./Core/Src/main.o
                0x0000000008001e88                HAL_TIM_PeriodElapsedCallback
 .text.Error_Handler
                0x0000000008001ea0        0xa ./Core/Src/main.o
                0x0000000008001ea0                Error_Handler
 *fill*         0x0000000008001eaa        0x2 
 .text.HAL_MspInit
                0x0000000008001eac       0x44 ./Core/Src/stm32f1xx_hal_msp.o
                0x0000000008001eac                HAL_MspInit
 .text.HAL_ADC_MspInit
                0x0000000008001ef0       0x78 ./Core/Src/stm32f1xx_hal_msp.o
                0x0000000008001ef0                HAL_ADC_MspInit
 .text.HAL_TIM_Base_MspInit
                0x0000000008001f68       0x48 ./Core/Src/stm32f1xx_hal_msp.o
                0x0000000008001f68                HAL_TIM_Base_MspInit
 .text.HAL_UART_MspInit
                0x0000000008001fb0       0x98 ./Core/Src/stm32f1xx_hal_msp.o
                0x0000000008001fb0                HAL_UART_MspInit
 .text.NMI_Handler
                0x0000000008002048        0x6 ./Core/Src/stm32f1xx_it.o
                0x0000000008002048                NMI_Handler
 .text.HardFault_Handler
                0x000000000800204e        0x6 ./Core/Src/stm32f1xx_it.o
                0x000000000800204e                HardFault_Handler
 .text.MemManage_Handler
                0x0000000008002054        0x6 ./Core/Src/stm32f1xx_it.o
                0x0000000008002054                MemManage_Handler
 .text.BusFault_Handler
                0x000000000800205a        0x6 ./Core/Src/stm32f1xx_it.o
                0x000000000800205a                BusFault_Handler
 .text.UsageFault_Handler
                0x0000000008002060        0x6 ./Core/Src/stm32f1xx_it.o
                0x0000000008002060                UsageFault_Handler
 .text.SVC_Handler
                0x0000000008002066        0xc ./Core/Src/stm32f1xx_it.o
                0x0000000008002066                SVC_Handler
 .text.DebugMon_Handler
                0x0000000008002072        0xc ./Core/Src/stm32f1xx_it.o
                0x0000000008002072                DebugMon_Handler
 .text.PendSV_Handler
                0x000000000800207e        0xc ./Core/Src/stm32f1xx_it.o
                0x000000000800207e                PendSV_Handler
 .text.SysTick_Handler
                0x000000000800208a        0xc ./Core/Src/stm32f1xx_it.o
                0x000000000800208a                SysTick_Handler
 .text.EXTI1_IRQHandler
                0x0000000008002096        0xe ./Core/Src/stm32f1xx_it.o
                0x0000000008002096                EXTI1_IRQHandler
 .text.TIM2_IRQHandler
                0x00000000080020a4       0x14 ./Core/Src/stm32f1xx_it.o
                0x00000000080020a4                TIM2_IRQHandler
 .text.HAL_GPIO_EXTI_Callback
                0x00000000080020b8       0x16 ./Core/Src/stm32f1xx_it.o
                0x00000000080020b8                HAL_GPIO_EXTI_Callback
 .text._getpid  0x00000000080020ce        0xe ./Core/Src/syscalls.o
                0x00000000080020ce                _getpid
 .text._kill    0x00000000080020dc       0x20 ./Core/Src/syscalls.o
                0x00000000080020dc                _kill
 .text._exit    0x00000000080020fc       0x14 ./Core/Src/syscalls.o
                0x00000000080020fc                _exit
 .text._read    0x0000000008002110       0x3a ./Core/Src/syscalls.o
                0x0000000008002110                _read
 .text._write   0x000000000800214a       0x38 ./Core/Src/syscalls.o
                0x000000000800214a                _write
 .text._close   0x0000000008002182       0x16 ./Core/Src/syscalls.o
                0x0000000008002182                _close
 .text._fstat   0x0000000008002198       0x1e ./Core/Src/syscalls.o
                0x0000000008002198                _fstat
 .text._isatty  0x00000000080021b6       0x14 ./Core/Src/syscalls.o
                0x00000000080021b6                _isatty
 .text._lseek   0x00000000080021ca       0x18 ./Core/Src/syscalls.o
                0x00000000080021ca                _lseek
 *fill*         0x00000000080021e2        0x2 
 .text._sbrk    0x00000000080021e4       0x6c ./Core/Src/sysmem.o
                0x00000000080021e4                _sbrk
 .text.SystemInit
                0x0000000008002250        0xc ./Core/Src/system_stm32f1xx.o
                0x0000000008002250                SystemInit
 .text.Reset_Handler
                0x000000000800225c       0x48 ./Core/Startup/startup_stm32f103c6tx.o
                0x000000000800225c                Reset_Handler
 .text.Default_Handler
                0x00000000080022a4        0x2 ./Core/Startup/startup_stm32f103c6tx.o
                0x00000000080022a4                RTC_Alarm_IRQHandler
                0x00000000080022a4                EXTI2_IRQHandler
                0x00000000080022a4                TIM1_CC_IRQHandler
                0x00000000080022a4                PVD_IRQHandler
                0x00000000080022a4                EXTI3_IRQHandler
                0x00000000080022a4                EXTI0_IRQHandler
                0x00000000080022a4                ADC1_2_IRQHandler
                0x00000000080022a4                SPI1_IRQHandler
                0x00000000080022a4                TAMPER_IRQHandler
                0x00000000080022a4                DMA1_Channel4_IRQHandler
                0x00000000080022a4                RTC_IRQHandler
                0x00000000080022a4                DMA1_Channel7_IRQHandler
                0x00000000080022a4                CAN1_RX1_IRQHandler
                0x00000000080022a4                I2C1_EV_IRQHandler
                0x00000000080022a4                DMA1_Channel6_IRQHandler
                0x00000000080022a4                TIM3_IRQHandler
                0x00000000080022a4                RCC_IRQHandler
                0x00000000080022a4                TIM1_TRG_COM_IRQHandler
                0x00000000080022a4                DMA1_Channel1_IRQHandler
                0x00000000080022a4                Default_Handler
                0x00000000080022a4                EXTI15_10_IRQHandler
                0x00000000080022a4                EXTI9_5_IRQHandler
                0x00000000080022a4                DMA1_Channel5_IRQHandler
                0x00000000080022a4                EXTI4_IRQHandler
                0x00000000080022a4                USB_LP_CAN1_RX0_IRQHandler
                0x00000000080022a4                USB_HP_CAN1_TX_IRQHandler
                0x00000000080022a4                DMA1_Channel3_IRQHandler
                0x00000000080022a4                TIM1_UP_IRQHandler
                0x00000000080022a4                WWDG_IRQHandler
                0x00000000080022a4                TIM1_BRK_IRQHandler
                0x00000000080022a4                USART2_IRQHandler
                0x00000000080022a4                DMA1_Channel2_IRQHandler
                0x00000000080022a4                CAN1_SCE_IRQHandler
                0x00000000080022a4                FLASH_IRQHandler
                0x00000000080022a4                USART1_IRQHandler
                0x00000000080022a4                I2C1_ER_IRQHandler
                0x00000000080022a4                USBWakeUp_IRQHandler
 *fill*         0x00000000080022a6        0x2 
 .text.HAL_Init
                0x00000000080022a8       0x2c ./Drivers/STM32F1xx_HAL_Driver/Src/stm32f1xx_hal.o
                0x00000000080022a8                HAL_Init
 .text.HAL_InitTick
                0x00000000080022d4       0x60 ./Drivers/STM32F1xx_HAL_Driver/Src/stm32f1xx_hal.o
                0x00000000080022d4                HAL_InitTick
 .text.HAL_IncTick
                0x0000000008002334       0x24 ./Drivers/STM32F1xx_HAL_Driver/Src/stm32f1xx_hal.o
                0x0000000008002334                HAL_IncTick
 .text.HAL_GetTick
                0x0000000008002358       0x14 ./Drivers/STM32F1xx_HAL_Driver/Src/stm32f1xx_hal.o
                0x0000000008002358                HAL_GetTick
 .text.HAL_Delay
                0x000000000800236c       0x48 ./Drivers/STM32F1xx_HAL_Driver/Src/stm32f1xx_hal.o
                0x000000000800236c                HAL_Delay
 .text.HAL_ADC_Init
                0x00000000080023b4      0x1b0 ./Drivers/STM32F1xx_HAL_Driver/Src/stm32f1xx_hal_adc.o
                0x00000000080023b4                HAL_ADC_Init
 .text.HAL_ADC_Start
                0x0000000008002564      0x15c ./Drivers/STM32F1xx_HAL_Driver/Src/stm32f1xx_hal_adc.o
                0x0000000008002564                HAL_ADC_Start
 .text.HAL_ADC_PollForConversion
                0x00000000080026c0      0x20c ./Drivers/STM32F1xx_HAL_Driver/Src/stm32f1xx_hal_adc.o
                0x00000000080026c0                HAL_ADC_PollForConversion
 .text.HAL_ADC_GetValue
                0x00000000080028cc       0x18 ./Drivers/STM32F1xx_HAL_Driver/Src/stm32f1xx_hal_adc.o
                0x00000000080028cc                HAL_ADC_GetValue
 .text.HAL_ADC_ConfigChannel
                0x00000000080028e4      0x1f0 ./Drivers/STM32F1xx_HAL_Driver/Src/stm32f1xx_hal_adc.o
                0x00000000080028e4                HAL_ADC_ConfigChannel
 .text.ADC_Enable
                0x0000000008002ad4       0xb4 ./Drivers/STM32F1xx_HAL_Driver/Src/stm32f1xx_hal_adc.o
                0x0000000008002ad4                ADC_Enable
 .text.ADC_ConversionStop_Disable
                0x0000000008002b88       0x82 ./Drivers/STM32F1xx_HAL_Driver/Src/stm32f1xx_hal_adc.o
                0x0000000008002b88                ADC_ConversionStop_Disable
 *fill*         0x0000000008002c0a        0x2 
 .text.HAL_ADCEx_Calibration_Start
                0x0000000008002c0c      0x15c ./Drivers/STM32F1xx_HAL_Driver/Src/stm32f1xx_hal_adc_ex.o
                0x0000000008002c0c                HAL_ADCEx_Calibration_Start
 .text.__NVIC_SetPriorityGrouping
                0x0000000008002d68       0x48 ./Drivers/STM32F1xx_HAL_Driver/Src/stm32f1xx_hal_cortex.o
 .text.__NVIC_GetPriorityGrouping
                0x0000000008002db0       0x1c ./Drivers/STM32F1xx_HAL_Driver/Src/stm32f1xx_hal_cortex.o
 .text.__NVIC_EnableIRQ
                0x0000000008002dcc       0x38 ./Drivers/STM32F1xx_HAL_Driver/Src/stm32f1xx_hal_cortex.o
 .text.__NVIC_SetPriority
                0x0000000008002e04       0x54 ./Drivers/STM32F1xx_HAL_Driver/Src/stm32f1xx_hal_cortex.o
 .text.NVIC_EncodePriority
                0x0000000008002e58       0x64 ./Drivers/STM32F1xx_HAL_Driver/Src/stm32f1xx_hal_cortex.o
 .text.SysTick_Config
                0x0000000008002ebc       0x44 ./Drivers/STM32F1xx_HAL_Driver/Src/stm32f1xx_hal_cortex.o
 .text.HAL_NVIC_SetPriorityGrouping
                0x0000000008002f00       0x16 ./Drivers/STM32F1xx_HAL_Driver/Src/stm32f1xx_hal_cortex.o
                0x0000000008002f00                HAL_NVIC_SetPriorityGrouping
 .text.HAL_NVIC_SetPriority
                0x0000000008002f16       0x38 ./Drivers/STM32F1xx_HAL_Driver/Src/stm32f1xx_hal_cortex.o
                0x0000000008002f16                HAL_NVIC_SetPriority
 .text.HAL_NVIC_EnableIRQ
                0x0000000008002f4e       0x1c ./Drivers/STM32F1xx_HAL_Driver/Src/stm32f1xx_hal_cortex.o
                0x0000000008002f4e                HAL_NVIC_EnableIRQ
 .text.HAL_SYSTICK_Config
                0x0000000008002f6a       0x18 ./Drivers/STM32F1xx_HAL_Driver/Src/stm32f1xx_hal_cortex.o
                0x0000000008002f6a                HAL_SYSTICK_Config
 *fill*         0x0000000008002f82        0x2 
 .text.HAL_GPIO_Init
                0x0000000008002f84      0x2f8 ./Drivers/STM32F1xx_HAL_Driver/Src/stm32f1xx_hal_gpio.o
                0x0000000008002f84                HAL_GPIO_Init
 .text.HAL_GPIO_WritePin
                0x000000000800327c       0x30 ./Drivers/STM32F1xx_HAL_Driver/Src/stm32f1xx_hal_gpio.o
                0x000000000800327c                HAL_GPIO_WritePin
 .text.HAL_GPIO_EXTI_IRQHandler
                0x00000000080032ac       0x30 ./Drivers/STM32F1xx_HAL_Driver/Src/stm32f1xx_hal_gpio.o
                0x00000000080032ac                HAL_GPIO_EXTI_IRQHandler
 .text.HAL_RCC_OscConfig
                0x00000000080032dc      0x504 ./Drivers/STM32F1xx_HAL_Driver/Src/stm32f1xx_hal_rcc.o
                0x00000000080032dc                HAL_RCC_OscConfig
 .text.HAL_RCC_ClockConfig
                0x00000000080037e0      0x1d4 ./Drivers/STM32F1xx_HAL_Driver/Src/stm32f1xx_hal_rcc.o
                0x00000000080037e0                HAL_RCC_ClockConfig
 .text.HAL_RCC_GetSysClockFreq
                0x00000000080039b4       0xa8 ./Drivers/STM32F1xx_HAL_Driver/Src/stm32f1xx_hal_rcc.o
                0x00000000080039b4                HAL_RCC_GetSysClockFreq
 .text.HAL_RCC_GetHCLKFreq
                0x0000000008003a5c       0x14 ./Drivers/STM32F1xx_HAL_Driver/Src/stm32f1xx_hal_rcc.o
                0x0000000008003a5c                HAL_RCC_GetHCLKFreq
 .text.HAL_RCC_GetPCLK1Freq
                0x0000000008003a70       0x28 ./Drivers/STM32F1xx_HAL_Driver/Src/stm32f1xx_hal_rcc.o
                0x0000000008003a70                HAL_RCC_GetPCLK1Freq
 .text.HAL_RCC_GetPCLK2Freq
                0x0000000008003a98       0x28 ./Drivers/STM32F1xx_HAL_Driver/Src/stm32f1xx_hal_rcc.o
                0x0000000008003a98                HAL_RCC_GetPCLK2Freq
 .text.RCC_Delay
                0x0000000008003ac0       0x3c ./Drivers/STM32F1xx_HAL_Driver/Src/stm32f1xx_hal_rcc.o
 .text.HAL_RCCEx_PeriphCLKConfig
                0x0000000008003afc      0x16c ./Drivers/STM32F1xx_HAL_Driver/Src/stm32f1xx_hal_rcc_ex.o
                0x0000000008003afc                HAL_RCCEx_PeriphCLKConfig
 .text.HAL_RCCEx_GetPeriphCLKFreq
                0x0000000008003c68      0x16c ./Drivers/STM32F1xx_HAL_Driver/Src/stm32f1xx_hal_rcc_ex.o
                0x0000000008003c68                HAL_RCCEx_GetPeriphCLKFreq
 .text.HAL_TIM_Base_Init
                0x0000000008003dd4       0x9e ./Drivers/STM32F1xx_HAL_Driver/Src/stm32f1xx_hal_tim.o
                0x0000000008003dd4                HAL_TIM_Base_Init
 *fill*         0x0000000008003e72        0x2 
 .text.HAL_TIM_Base_Start_IT
                0x0000000008003e74       0x98 ./Drivers/STM32F1xx_HAL_Driver/Src/stm32f1xx_hal_tim.o
                0x0000000008003e74                HAL_TIM_Base_Start_IT
 .text.HAL_TIM_IRQHandler
                0x0000000008003f0c      0x210 ./Drivers/STM32F1xx_HAL_Driver/Src/stm32f1xx_hal_tim.o
                0x0000000008003f0c                HAL_TIM_IRQHandler
 .text.HAL_TIM_ConfigClockSource
                0x000000000800411c      0x18e ./Drivers/STM32F1xx_HAL_Driver/Src/stm32f1xx_hal_tim.o
                0x000000000800411c                HAL_TIM_ConfigClockSource
 .text.HAL_TIM_OC_DelayElapsedCallback
                0x00000000080042aa       0x12 ./Drivers/STM32F1xx_HAL_Driver/Src/stm32f1xx_hal_tim.o
                0x00000000080042aa                HAL_TIM_OC_DelayElapsedCallback
 .text.HAL_TIM_IC_CaptureCallback
                0x00000000080042bc       0x12 ./Drivers/STM32F1xx_HAL_Driver/Src/stm32f1xx_hal_tim.o
                0x00000000080042bc                HAL_TIM_IC_CaptureCallback
 .text.HAL_TIM_PWM_PulseFinishedCallback
                0x00000000080042ce       0x12 ./Drivers/STM32F1xx_HAL_Driver/Src/stm32f1xx_hal_tim.o
                0x00000000080042ce                HAL_TIM_PWM_PulseFinishedCallback
 .text.HAL_TIM_TriggerCallback
                0x00000000080042e0       0x12 ./Drivers/STM32F1xx_HAL_Driver/Src/stm32f1xx_hal_tim.o
                0x00000000080042e0                HAL_TIM_TriggerCallback
 *fill*         0x00000000080042f2        0x2 
 .text.TIM_Base_SetConfig
                0x00000000080042f4       0xb0 ./Drivers/STM32F1xx_HAL_Driver/Src/stm32f1xx_hal_tim.o
                0x00000000080042f4                TIM_Base_SetConfig
 .text.TIM_TI1_ConfigInputStage
                0x00000000080043a4       0x5c ./Drivers/STM32F1xx_HAL_Driver/Src/stm32f1xx_hal_tim.o
 .text.TIM_TI2_ConfigInputStage
                0x0000000008004400       0x5e ./Drivers/STM32F1xx_HAL_Driver/Src/stm32f1xx_hal_tim.o
 .text.TIM_ITRx_SetConfig
                0x000000000800445e       0x34 ./Drivers/STM32F1xx_HAL_Driver/Src/stm32f1xx_hal_tim.o
 .text.TIM_ETR_SetConfig
                0x0000000008004492       0x3e ./Drivers/STM32F1xx_HAL_Driver/Src/stm32f1xx_hal_tim.o
                0x0000000008004492                TIM_ETR_SetConfig
 .text.HAL_TIMEx_MasterConfigSynchronization
                0x00000000080044d0       0xb0 ./Drivers/STM32F1xx_HAL_Driver/Src/stm32f1xx_hal_tim_ex.o
                0x00000000080044d0                HAL_TIMEx_MasterConfigSynchronization
 .text.HAL_TIMEx_CommutCallback
                0x0000000008004580       0x12 ./Drivers/STM32F1xx_HAL_Driver/Src/stm32f1xx_hal_tim_ex.o
                0x0000000008004580                HAL_TIMEx_CommutCallback
 .text.HAL_TIMEx_BreakCallback
                0x0000000008004592       0x12 ./Drivers/STM32F1xx_HAL_Driver/Src/stm32f1xx_hal_tim_ex.o
                0x0000000008004592                HAL_TIMEx_BreakCallback
 .text.HAL_UART_Init
                0x00000000080045a4       0xa0 ./Drivers/STM32F1xx_HAL_Driver/Src/stm32f1xx_hal_uart.o
                0x00000000080045a4                HAL_UART_Init
 .text.HAL_UART_Transmit
                0x0000000008004644      0x106 ./Drivers/STM32F1xx_HAL_Driver/Src/stm32f1xx_hal_uart.o
                0x0000000008004644                HAL_UART_Transmit
 .text.UART_WaitOnFlagUntilTimeout
                0x000000000800474a       0xdc ./Drivers/STM32F1xx_HAL_Driver/Src/stm32f1xx_hal_uart.o
 *fill*         0x0000000008004826        0x2 
 .text.UART_SetConfig
                0x0000000008004828      0x11c ./Drivers/STM32F1xx_HAL_Driver/Src/stm32f1xx_hal_uart.o
 .text.__errno  0x0000000008004944        0xc c:/st/stm32cubeide_1.12.1/stm32cubeide/plugins/com.st.stm32cube.ide.mcu.externaltools.gnu-tools-for-stm32.10.3-2021.10.win32_1.0.200.202301161003/tools/bin/../lib/gcc/arm-none-eabi/10.3.1/../../../../arm-none-eabi/lib/thumb/v7-m/nofp\libc_nano.a(lib_a-errno.o)
                0x0000000008004944                __errno
 .text.__libc_init_array
                0x0000000008004950       0x48 c:/st/stm32cubeide_1.12.1/stm32cubeide/plugins/com.st.stm32cube.ide.mcu.externaltools.gnu-tools-for-stm32.10.3-2021.10.win32_1.0.200.202301161003/tools/bin/../lib/gcc/arm-none-eabi/10.3.1/../../../../arm-none-eabi/lib/thumb/v7-m/nofp\libc_nano.a(lib_a-init.o)
                0x0000000008004950                __libc_init_array
 .text.memset   0x0000000008004998       0x10 c:/st/stm32cubeide_1.12.1/stm32cubeide/plugins/com.st.stm32cube.ide.mcu.externaltools.gnu-tools-for-stm32.10.3-2021.10.win32_1.0.200.202301161003/tools/bin/../lib/gcc/arm-none-eabi/10.3.1/../../../../arm-none-eabi/lib/thumb/v7-m/nofp\libc_nano.a(lib_a-memset.o)
                0x0000000008004998                memset
 .text.__cvt    0x00000000080049a8       0xbe c:/st/stm32cubeide_1.12.1/stm32cubeide/plugins/com.st.stm32cube.ide.mcu.externaltools.gnu-tools-for-stm32.10.3-2021.10.win32_1.0.200.202301161003/tools/bin/../lib/gcc/arm-none-eabi/10.3.1/../../../../arm-none-eabi/lib/thumb/v7-m/nofp\libc_nano.a(lib_a-nano-vfprintf_float.o)
                0x00000000080049a8                __cvt
 .text.__exponent
                0x0000000008004a66       0x7c c:/st/stm32cubeide_1.12.1/stm32cubeide/plugins/com.st.stm32cube.ide.mcu.externaltools.gnu-tools-for-stm32.10.3-2021.10.win32_1.0.200.202301161003/tools/bin/../lib/gcc/arm-none-eabi/10.3.1/../../../../arm-none-eabi/lib/thumb/v7-m/nofp\libc_nano.a(lib_a-nano-vfprintf_float.o)
                0x0000000008004a66                __exponent
 *fill*         0x0000000008004ae2        0x2 
 .text._printf_float
                0x0000000008004ae4      0x458 c:/st/stm32cubeide_1.12.1/stm32cubeide/plugins/com.st.stm32cube.ide.mcu.externaltools.gnu-tools-for-stm32.10.3-2021.10.win32_1.0.200.202301161003/tools/bin/../lib/gcc/arm-none-eabi/10.3.1/../../../../arm-none-eabi/lib/thumb/v7-m/nofp\libc_nano.a(lib_a-nano-vfprintf_float.o)
                0x0000000008004ae4                _printf_float
 .text._printf_common
                0x0000000008004f3c       0xde c:/st/stm32cubeide_1.12.1/stm32cubeide/plugins/com.st.stm32cube.ide.mcu.externaltools.gnu-tools-for-stm32.10.3-2021.10.win32_1.0.200.202301161003/tools/bin/../lib/gcc/arm-none-eabi/10.3.1/../../../../arm-none-eabi/lib/thumb/v7-m/nofp\libc_nano.a(lib_a-nano-vfprintf_i.o)
                0x0000000008004f3c                _printf_common
 *fill*         0x000000000800501a        0x2 
 .text._printf_i
                0x000000000800501c      0x24c c:/st/stm32cubeide_1.12.1/stm32cubeide/plugins/com.st.stm32cube.ide.mcu.externaltools.gnu-tools-for-stm32.10.3-2021.10.win32_1.0.200.202301161003/tools/bin/../lib/gcc/arm-none-eabi/10.3.1/../../../../arm-none-eabi/lib/thumb/v7-m/nofp\libc_nano.a(lib_a-nano-vfprintf_i.o)
                0x000000000800501c                _printf_i
 .text.sprintf  0x0000000008005268       0x40 c:/st/stm32cubeide_1.12.1/stm32cubeide/plugins/com.st.stm32cube.ide.mcu.externaltools.gnu-tools-for-stm32.10.3-2021.10.win32_1.0.200.202301161003/tools/bin/../lib/gcc/arm-none-eabi/10.3.1/../../../../arm-none-eabi/lib/thumb/v7-m/nofp\libc_nano.a(lib_a-sprintf.o)
                0x0000000008005268                siprintf
                0x0000000008005268                sprintf
 .text.quorem   0x00000000080052a8      0x118 c:/st/stm32cubeide_1.12.1/stm32cubeide/plugins/com.st.stm32cube.ide.mcu.externaltools.gnu-tools-for-stm32.10.3-2021.10.win32_1.0.200.202301161003/tools/bin/../lib/gcc/arm-none-eabi/10.3.1/../../../../arm-none-eabi/lib/thumb/v7-m/nofp\libc_nano.a(lib_a-dtoa.o)
 .text._dtoa_r  0x00000000080053c0      0xbdc c:/st/stm32cubeide_1.12.1/stm32cubeide/plugins/com.st.stm32cube.ide.mcu.externaltools.gnu-tools-for-stm32.10.3-2021.10.win32_1.0.200.202301161003/tools/bin/../lib/gcc/arm-none-eabi/10.3.1/../../../../arm-none-eabi/lib/thumb/v7-m/nofp\libc_nano.a(lib_a-dtoa.o)
                0x00000000080053c0                _dtoa_r
 .text._localeconv_r
                0x0000000008005f9c        0x8 c:/st/stm32cubeide_1.12.1/stm32cubeide/plugins/com.st.stm32cube.ide.mcu.externaltools.gnu-tools-for-stm32.10.3-2021.10.win32_1.0.200.202301161003/tools/bin/../lib/gcc/arm-none-eabi/10.3.1/../../../../arm-none-eabi/lib/thumb/v7-m/nofp\libc_nano.a(lib_a-localeconv.o)
                0x0000000008005f9c                _localeconv_r
 .text.malloc   0x0000000008005fa4       0x10 c:/st/stm32cubeide_1.12.1/stm32cubeide/plugins/com.st.stm32cube.ide.mcu.externaltools.gnu-tools-for-stm32.10.3-2021.10.win32_1.0.200.202301161003/tools/bin/../lib/gcc/arm-none-eabi/10.3.1/../../../../arm-none-eabi/lib/thumb/v7-m/nofp\libc_nano.a(lib_a-malloc.o)
                0x0000000008005fa4                malloc
 .text.memchr   0x0000000008005fb4       0x1c c:/st/stm32cubeide_1.12.1/stm32cubeide/plugins/com.st.stm32cube.ide.mcu.externaltools.gnu-tools-for-stm32.10.3-2021.10.win32_1.0.200.202301161003/tools/bin/../lib/gcc/arm-none-eabi/10.3.1/../../../../arm-none-eabi/lib/thumb/v7-m/nofp\libc_nano.a(lib_a-memchr-stub.o)
                0x0000000008005fb4                memchr
 .text.memcpy   0x0000000008005fd0       0x1c c:/st/stm32cubeide_1.12.1/stm32cubeide/plugins/com.st.stm32cube.ide.mcu.externaltools.gnu-tools-for-stm32.10.3-2021.10.win32_1.0.200.202301161003/tools/bin/../lib/gcc/arm-none-eabi/10.3.1/../../../../arm-none-eabi/lib/thumb/v7-m/nofp\libc_nano.a(lib_a-memcpy-stub.o)
                0x0000000008005fd0                memcpy
 .text._Balloc  0x0000000008005fec       0x80 c:/st/stm32cubeide_1.12.1/stm32cubeide/plugins/com.st.stm32cube.ide.mcu.externaltools.gnu-tools-for-stm32.10.3-2021.10.win32_1.0.200.202301161003/tools/bin/../lib/gcc/arm-none-eabi/10.3.1/../../../../arm-none-eabi/lib/thumb/v7-m/nofp\libc_nano.a(lib_a-mprec.o)
                0x0000000008005fec                _Balloc
 .text._Bfree   0x000000000800606c       0x44 c:/st/stm32cubeide_1.12.1/stm32cubeide/plugins/com.st.stm32cube.ide.mcu.externaltools.gnu-tools-for-stm32.10.3-2021.10.win32_1.0.200.202301161003/tools/bin/../lib/gcc/arm-none-eabi/10.3.1/../../../../arm-none-eabi/lib/thumb/v7-m/nofp\libc_nano.a(lib_a-mprec.o)
                0x000000000800606c                _Bfree
 .text.__multadd
                0x00000000080060b0       0x8c c:/st/stm32cubeide_1.12.1/stm32cubeide/plugins/com.st.stm32cube.ide.mcu.externaltools.gnu-tools-for-stm32.10.3-2021.10.win32_1.0.200.202301161003/tools/bin/../lib/gcc/arm-none-eabi/10.3.1/../../../../arm-none-eabi/lib/thumb/v7-m/nofp\libc_nano.a(lib_a-mprec.o)
                0x00000000080060b0                __multadd
 .text.__hi0bits
                0x000000000800613c       0x40 c:/st/stm32cubeide_1.12.1/stm32cubeide/plugins/com.st.stm32cube.ide.mcu.externaltools.gnu-tools-for-stm32.10.3-2021.10.win32_1.0.200.202301161003/tools/bin/../lib/gcc/arm-none-eabi/10.3.1/../../../../arm-none-eabi/lib/thumb/v7-m/nofp\libc_nano.a(lib_a-mprec.o)
                0x000000000800613c                __hi0bits
 .text.__lo0bits
                0x000000000800617c       0x5a c:/st/stm32cubeide_1.12.1/stm32cubeide/plugins/com.st.stm32cube.ide.mcu.externaltools.gnu-tools-for-stm32.10.3-2021.10.win32_1.0.200.202301161003/tools/bin/../lib/gcc/arm-none-eabi/10.3.1/../../../../arm-none-eabi/lib/thumb/v7-m/nofp\libc_nano.a(lib_a-mprec.o)
                0x000000000800617c                __lo0bits
 *fill*         0x00000000080061d6        0x2 
 .text.__i2b    0x00000000080061d8       0x2c c:/st/stm32cubeide_1.12.1/stm32cubeide/plugins/com.st.stm32cube.ide.mcu.externaltools.gnu-tools-for-stm32.10.3-2021.10.win32_1.0.200.202301161003/tools/bin/../lib/gcc/arm-none-eabi/10.3.1/../../../../arm-none-eabi/lib/thumb/v7-m/nofp\libc_nano.a(lib_a-mprec.o)
                0x00000000080061d8                __i2b
 .text.__multiply
                0x0000000008006204      0x150 c:/st/stm32cubeide_1.12.1/stm32cubeide/plugins/com.st.stm32cube.ide.mcu.externaltools.gnu-tools-for-stm32.10.3-2021.10.win32_1.0.200.202301161003/tools/bin/../lib/gcc/arm-none-eabi/10.3.1/../../../../arm-none-eabi/lib/thumb/v7-m/nofp\libc_nano.a(lib_a-mprec.o)
                0x0000000008006204                __multiply
 .text.__pow5mult
                0x0000000008006354       0xb4 c:/st/stm32cubeide_1.12.1/stm32cubeide/plugins/com.st.stm32cube.ide.mcu.externaltools.gnu-tools-for-stm32.10.3-2021.10.win32_1.0.200.202301161003/tools/bin/../lib/gcc/arm-none-eabi/10.3.1/../../../../arm-none-eabi/lib/thumb/v7-m/nofp\libc_nano.a(lib_a-mprec.o)
                0x0000000008006354                __pow5mult
 .text.__lshift
                0x0000000008006408       0xe0 c:/st/stm32cubeide_1.12.1/stm32cubeide/plugins/com.st.stm32cube.ide.mcu.externaltools.gnu-tools-for-stm32.10.3-2021.10.win32_1.0.200.202301161003/tools/bin/../lib/gcc/arm-none-eabi/10.3.1/../../../../arm-none-eabi/lib/thumb/v7-m/nofp\libc_nano.a(lib_a-mprec.o)
                0x0000000008006408                __lshift
 .text.__mcmp   0x00000000080064e8       0x36 c:/st/stm32cubeide_1.12.1/stm32cubeide/plugins/com.st.stm32cube.ide.mcu.externaltools.gnu-tools-for-stm32.10.3-2021.10.win32_1.0.200.202301161003/tools/bin/../lib/gcc/arm-none-eabi/10.3.1/../../../../arm-none-eabi/lib/thumb/v7-m/nofp\libc_nano.a(lib_a-mprec.o)
                0x00000000080064e8                __mcmp
 *fill*         0x000000000800651e        0x2 
 .text.__mdiff  0x0000000008006520      0x118 c:/st/stm32cubeide_1.12.1/stm32cubeide/plugins/com.st.stm32cube.ide.mcu.externaltools.gnu-tools-for-stm32.10.3-2021.10.win32_1.0.200.202301161003/tools/bin/../lib/gcc/arm-none-eabi/10.3.1/../../../../arm-none-eabi/lib/thumb/v7-m/nofp\libc_nano.a(lib_a-mprec.o)
                0x0000000008006520                __mdiff
 .text.__d2b    0x0000000008006638       0xb8 c:/st/stm32cubeide_1.12.1/stm32cubeide/plugins/com.st.stm32cube.ide.mcu.externaltools.gnu-tools-for-stm32.10.3-2021.10.win32_1.0.200.202301161003/tools/bin/../lib/gcc/arm-none-eabi/10.3.1/../../../../arm-none-eabi/lib/thumb/v7-m/nofp\libc_nano.a(lib_a-mprec.o)
                0x0000000008006638                __d2b
 .text._calloc_r
                0x00000000080066f0       0x28 c:/st/stm32cubeide_1.12.1/stm32cubeide/plugins/com.st.stm32cube.ide.mcu.externaltools.gnu-tools-for-stm32.10.3-2021.10.win32_1.0.200.202301161003/tools/bin/../lib/gcc/arm-none-eabi/10.3.1/../../../../arm-none-eabi/lib/thumb/v7-m/nofp\libc_nano.a(lib_a-nano-callocr.o)
                0x00000000080066f0                _calloc_r
 .text._free_r  0x0000000008006718       0x90 c:/st/stm32cubeide_1.12.1/stm32cubeide/plugins/com.st.stm32cube.ide.mcu.externaltools.gnu-tools-for-stm32.10.3-2021.10.win32_1.0.200.202301161003/tools/bin/../lib/gcc/arm-none-eabi/10.3.1/../../../../arm-none-eabi/lib/thumb/v7-m/nofp\libc_nano.a(lib_a-nano-freer.o)
                0x0000000008006718                _free_r
 .text.sbrk_aligned
                0x00000000080067a8       0x40 c:/st/stm32cubeide_1.12.1/stm32cubeide/plugins/com.st.stm32cube.ide.mcu.externaltools.gnu-tools-for-stm32.10.3-2021.10.win32_1.0.200.202301161003/tools/bin/../lib/gcc/arm-none-eabi/10.3.1/../../../../arm-none-eabi/lib/thumb/v7-m/nofp\libc_nano.a(lib_a-nano-mallocr.o)
 .text._malloc_r
                0x00000000080067e8       0xe8 c:/st/stm32cubeide_1.12.1/stm32cubeide/plugins/com.st.stm32cube.ide.mcu.externaltools.gnu-tools-for-stm32.10.3-2021.10.win32_1.0.200.202301161003/tools/bin/../lib/gcc/arm-none-eabi/10.3.1/../../../../arm-none-eabi/lib/thumb/v7-m/nofp\libc_nano.a(lib_a-nano-mallocr.o)
                0x00000000080067e8                _malloc_r
 .text.__ssputs_r
                0x00000000080068d0       0xb6 c:/st/stm32cubeide_1.12.1/stm32cubeide/plugins/com.st.stm32cube.ide.mcu.externaltools.gnu-tools-for-stm32.10.3-2021.10.win32_1.0.200.202301161003/tools/bin/../lib/gcc/arm-none-eabi/10.3.1/../../../../arm-none-eabi/lib/thumb/v7-m/nofp\libc_nano.a(lib_a-nano-svfprintf.o)
                0x00000000080068d0                __ssputs_r
 *fill*         0x0000000008006986        0x2 
 .text._svfprintf_r
                0x0000000008006988      0x200 c:/st/stm32cubeide_1.12.1/stm32cubeide/plugins/com.st.stm32cube.ide.mcu.externaltools.gnu-tools-for-stm32.10.3-2021.10.win32_1.0.200.202301161003/tools/bin/../lib/gcc/arm-none-eabi/10.3.1/../../../../arm-none-eabi/lib/thumb/v7-m/nofp\libc_nano.a(lib_a-nano-svfprintf.o)
                0x0000000008006988                _svfiprintf_r
                0x0000000008006988                _svfprintf_r
 .text._sbrk_r  0x0000000008006b88       0x20 c:/st/stm32cubeide_1.12.1/stm32cubeide/plugins/com.st.stm32cube.ide.mcu.externaltools.gnu-tools-for-stm32.10.3-2021.10.win32_1.0.200.202301161003/tools/bin/../lib/gcc/arm-none-eabi/10.3.1/../../../../arm-none-eabi/lib/thumb/v7-m/nofp\libc_nano.a(lib_a-sbrkr.o)
                0x0000000008006b88                _sbrk_r
 .text.__assert_func
                0x0000000008006ba8       0x3c c:/st/stm32cubeide_1.12.1/stm32cubeide/plugins/com.st.stm32cube.ide.mcu.externaltools.gnu-tools-for-stm32.10.3-2021.10.win32_1.0.200.202301161003/tools/bin/../lib/gcc/arm-none-eabi/10.3.1/../../../../arm-none-eabi/lib/thumb/v7-m/nofp\libc_nano.a(lib_a-assert.o)
                0x0000000008006ba8                __assert_func
 .text.fprintf  0x0000000008006be4       0x24 c:/st/stm32cubeide_1.12.1/stm32cubeide/plugins/com.st.stm32cube.ide.mcu.externaltools.gnu-tools-for-stm32.10.3-2021.10.win32_1.0.200.202301161003/tools/bin/../lib/gcc/arm-none-eabi/10.3.1/../../../../arm-none-eabi/lib/thumb/v7-m/nofp\libc_nano.a(lib_a-fprintf.o)
                0x0000000008006be4                fiprintf
                0x0000000008006be4                fprintf
 .text.__ascii_mbtowc
                0x0000000008006c08       0x24 c:/st/stm32cubeide_1.12.1/stm32cubeide/plugins/com.st.stm32cube.ide.mcu.externaltools.gnu-tools-for-stm32.10.3-2021.10.win32_1.0.200.202301161003/tools/bin/../lib/gcc/arm-none-eabi/10.3.1/../../../../arm-none-eabi/lib/thumb/v7-m/nofp\libc_nano.a(lib_a-mbtowc_r.o)
                0x0000000008006c08                __ascii_mbtowc
 .text.memmove  0x0000000008006c2c       0x34 c:/st/stm32cubeide_1.12.1/stm32cubeide/plugins/com.st.stm32cube.ide.mcu.externaltools.gnu-tools-for-stm32.10.3-2021.10.win32_1.0.200.202301161003/tools/bin/../lib/gcc/arm-none-eabi/10.3.1/../../../../arm-none-eabi/lib/thumb/v7-m/nofp\libc_nano.a(lib_a-memmove.o)
                0x0000000008006c2c                memmove
 .text.__malloc_lock
                0x0000000008006c60        0xc c:/st/stm32cubeide_1.12.1/stm32cubeide/plugins/com.st.stm32cube.ide.mcu.externaltools.gnu-tools-for-stm32.10.3-2021.10.win32_1.0.200.202301161003/tools/bin/../lib/gcc/arm-none-eabi/10.3.1/../../../../arm-none-eabi/lib/thumb/v7-m/nofp\libc_nano.a(lib_a-mlock.o)
                0x0000000008006c60                __malloc_lock
 .text.__malloc_unlock
                0x0000000008006c6c        0xc c:/st/stm32cubeide_1.12.1/stm32cubeide/plugins/com.st.stm32cube.ide.mcu.externaltools.gnu-tools-for-stm32.10.3-2021.10.win32_1.0.200.202301161003/tools/bin/../lib/gcc/arm-none-eabi/10.3.1/../../../../arm-none-eabi/lib/thumb/v7-m/nofp\libc_nano.a(lib_a-mlock.o)
                0x0000000008006c6c                __malloc_unlock
 .text._realloc_r
                0x0000000008006c78       0x5e c:/st/stm32cubeide_1.12.1/stm32cubeide/plugins/com.st.stm32cube.ide.mcu.externaltools.gnu-tools-for-stm32.10.3-2021.10.win32_1.0.200.202301161003/tools/bin/../lib/gcc/arm-none-eabi/10.3.1/../../../../arm-none-eabi/lib/thumb/v7-m/nofp\libc_nano.a(lib_a-nano-reallocr.o)
                0x0000000008006c78                _realloc_r
 .text.__sfputc_r
                0x0000000008006cd6       0x2a c:/st/stm32cubeide_1.12.1/stm32cubeide/plugins/com.st.stm32cube.ide.mcu.externaltools.gnu-tools-for-stm32.10.3-2021.10.win32_1.0.200.202301161003/tools/bin/../lib/gcc/arm-none-eabi/10.3.1/../../../../arm-none-eabi/lib/thumb/v7-m/nofp\libc_nano.a(lib_a-nano-vfprintf.o)
 .text.__sfputs_r
                0x0000000008006d00       0x24 c:/st/stm32cubeide_1.12.1/stm32cubeide/plugins/com.st.stm32cube.ide.mcu.externaltools.gnu-tools-for-stm32.10.3-2021.10.win32_1.0.200.202301161003/tools/bin/../lib/gcc/arm-none-eabi/10.3.1/../../../../arm-none-eabi/lib/thumb/v7-m/nofp\libc_nano.a(lib_a-nano-vfprintf.o)
                0x0000000008006d00                __sfputs_r
 .text._vfprintf_r
                0x0000000008006d24      0x260 c:/st/stm32cubeide_1.12.1/stm32cubeide/plugins/com.st.stm32cube.ide.mcu.externaltools.gnu-tools-for-stm32.10.3-2021.10.win32_1.0.200.202301161003/tools/bin/../lib/gcc/arm-none-eabi/10.3.1/../../../../arm-none-eabi/lib/thumb/v7-m/nofp\libc_nano.a(lib_a-nano-vfprintf.o)
                0x0000000008006d24                _vfprintf_r
                0x0000000008006d24                _vfiprintf_r
 .text.__swbuf_r
                0x0000000008006f84       0xa4 c:/st/stm32cubeide_1.12.1/stm32cubeide/plugins/com.st.stm32cube.ide.mcu.externaltools.gnu-tools-for-stm32.10.3-2021.10.win32_1.0.200.202301161003/tools/bin/../lib/gcc/arm-none-eabi/10.3.1/../../../../arm-none-eabi/lib/thumb/v7-m/nofp\libc_nano.a(lib_a-wbuf.o)
                0x0000000008006f84                __swbuf_r
 .text.__ascii_wctomb
                0x0000000008007028       0x1a c:/st/stm32cubeide_1.12.1/stm32cubeide/plugins/com.st.stm32cube.ide.mcu.externaltools.gnu-tools-for-stm32.10.3-2021.10.win32_1.0.200.202301161003/tools/bin/../lib/gcc/arm-none-eabi/10.3.1/../../../../arm-none-eabi/lib/thumb/v7-m/nofp\libc_nano.a(lib_a-wctomb_r.o)
                0x0000000008007028                __ascii_wctomb
 *fill*         0x0000000008007042        0x2 
 .text.__swsetup_r
                0x0000000008007044       0xdc c:/st/stm32cubeide_1.12.1/stm32cubeide/plugins/com.st.stm32cube.ide.mcu.externaltools.gnu-tools-for-stm32.10.3-2021.10.win32_1.0.200.202301161003/tools/bin/../lib/gcc/arm-none-eabi/10.3.1/../../../../arm-none-eabi/lib/thumb/v7-m/nofp\libc_nano.a(lib_a-wsetup.o)
                0x0000000008007044                __swsetup_r
 .text.abort    0x0000000008007120        0xe c:/st/stm32cubeide_1.12.1/stm32cubeide/plugins/com.st.stm32cube.ide.mcu.externaltools.gnu-tools-for-stm32.10.3-2021.10.win32_1.0.200.202301161003/tools/bin/../lib/gcc/arm-none-eabi/10.3.1/../../../../arm-none-eabi/lib/thumb/v7-m/nofp\libc_nano.a(lib_a-abort.o)
                0x0000000008007120                abort
 *fill*         0x000000000800712e        0x2 
 .text.__sflush_r
                0x0000000008007130      0x104 c:/st/stm32cubeide_1.12.1/stm32cubeide/plugins/com.st.stm32cube.ide.mcu.externaltools.gnu-tools-for-stm32.10.3-2021.10.win32_1.0.200.202301161003/tools/bin/../lib/gcc/arm-none-eabi/10.3.1/../../../../arm-none-eabi/lib/thumb/v7-m/nofp\libc_nano.a(lib_a-fflush.o)
                0x0000000008007130                __sflush_r
 .text._fflush_r
                0x0000000008007234       0x78 c:/st/stm32cubeide_1.12.1/stm32cubeide/plugins/com.st.stm32cube.ide.mcu.externaltools.gnu-tools-for-stm32.10.3-2021.10.win32_1.0.200.202301161003/tools/bin/../lib/gcc/arm-none-eabi/10.3.1/../../../../arm-none-eabi/lib/thumb/v7-m/nofp\libc_nano.a(lib_a-fflush.o)
                0x0000000008007234                _fflush_r
 .text.std      0x00000000080072ac       0x48 c:/st/stm32cubeide_1.12.1/stm32cubeide/plugins/com.st.stm32cube.ide.mcu.externaltools.gnu-tools-for-stm32.10.3-2021.10.win32_1.0.200.202301161003/tools/bin/../lib/gcc/arm-none-eabi/10.3.1/../../../../arm-none-eabi/lib/thumb/v7-m/nofp\libc_nano.a(lib_a-findfp.o)
 .text._cleanup_r
                0x00000000080072f4        0xc c:/st/stm32cubeide_1.12.1/stm32cubeide/plugins/com.st.stm32cube.ide.mcu.externaltools.gnu-tools-for-stm32.10.3-2021.10.win32_1.0.200.202301161003/tools/bin/../lib/gcc/arm-none-eabi/10.3.1/../../../../arm-none-eabi/lib/thumb/v7-m/nofp\libc_nano.a(lib_a-findfp.o)
                0x00000000080072f4                _cleanup_r
 .text.__sfmoreglue
                0x0000000008007300       0x2c c:/st/stm32cubeide_1.12.1/stm32cubeide/plugins/com.st.stm32cube.ide.mcu.externaltools.gnu-tools-for-stm32.10.3-2021.10.win32_1.0.200.202301161003/tools/bin/../lib/gcc/arm-none-eabi/10.3.1/../../../../arm-none-eabi/lib/thumb/v7-m/nofp\libc_nano.a(lib_a-findfp.o)
                0x0000000008007300                __sfmoreglue
 .text.__sfp_lock_acquire
                0x000000000800732c        0xc c:/st/stm32cubeide_1.12.1/stm32cubeide/plugins/com.st.stm32cube.ide.mcu.externaltools.gnu-tools-for-stm32.10.3-2021.10.win32_1.0.200.202301161003/tools/bin/../lib/gcc/arm-none-eabi/10.3.1/../../../../arm-none-eabi/lib/thumb/v7-m/nofp\libc_nano.a(lib_a-findfp.o)
                0x000000000800732c                __sfp_lock_acquire
 .text.__sfp_lock_release
                0x0000000008007338        0xc c:/st/stm32cubeide_1.12.1/stm32cubeide/plugins/com.st.stm32cube.ide.mcu.externaltools.gnu-tools-for-stm32.10.3-2021.10.win32_1.0.200.202301161003/tools/bin/../lib/gcc/arm-none-eabi/10.3.1/../../../../arm-none-eabi/lib/thumb/v7-m/nofp\libc_nano.a(lib_a-findfp.o)
                0x0000000008007338                __sfp_lock_release
 .text.__sinit_lock_acquire
                0x0000000008007344        0xc c:/st/stm32cubeide_1.12.1/stm32cubeide/plugins/com.st.stm32cube.ide.mcu.externaltools.gnu-tools-for-stm32.10.3-2021.10.win32_1.0.200.202301161003/tools/bin/../lib/gcc/arm-none-eabi/10.3.1/../../../../arm-none-eabi/lib/thumb/v7-m/nofp\libc_nano.a(lib_a-findfp.o)
                0x0000000008007344                __sinit_lock_acquire
 .text.__sinit_lock_release
                0x0000000008007350        0xc c:/st/stm32cubeide_1.12.1/stm32cubeide/plugins/com.st.stm32cube.ide.mcu.externaltools.gnu-tools-for-stm32.10.3-2021.10.win32_1.0.200.202301161003/tools/bin/../lib/gcc/arm-none-eabi/10.3.1/../../../../arm-none-eabi/lib/thumb/v7-m/nofp\libc_nano.a(lib_a-findfp.o)
                0x0000000008007350                __sinit_lock_release
 .text.__sinit  0x000000000800735c       0x70 c:/st/stm32cubeide_1.12.1/stm32cubeide/plugins/com.st.stm32cube.ide.mcu.externaltools.gnu-tools-for-stm32.10.3-2021.10.win32_1.0.200.202301161003/tools/bin/../lib/gcc/arm-none-eabi/10.3.1/../../../../arm-none-eabi/lib/thumb/v7-m/nofp\libc_nano.a(lib_a-findfp.o)
                0x000000000800735c                __sinit
 .text.__sfp    0x00000000080073cc       0x8c c:/st/stm32cubeide_1.12.1/stm32cubeide/plugins/com.st.stm32cube.ide.mcu.externaltools.gnu-tools-for-stm32.10.3-2021.10.win32_1.0.200.202301161003/tools/bin/../lib/gcc/arm-none-eabi/10.3.1/../../../../arm-none-eabi/lib/thumb/v7-m/nofp\libc_nano.a(lib_a-findfp.o)
                0x00000000080073cc                __sfp
 .text._fwalk_reent
                0x0000000008007458       0x3e c:/st/stm32cubeide_1.12.1/stm32cubeide/plugins/com.st.stm32cube.ide.mcu.externaltools.gnu-tools-for-stm32.10.3-2021.10.win32_1.0.200.202301161003/tools/bin/../lib/gcc/arm-none-eabi/10.3.1/../../../../arm-none-eabi/lib/thumb/v7-m/nofp\libc_nano.a(lib_a-fwalk.o)
                0x0000000008007458                _fwalk_reent
 .text.__retarget_lock_init_recursive
                0x0000000008007496        0x2 c:/st/stm32cubeide_1.12.1/stm32cubeide/plugins/com.st.stm32cube.ide.mcu.externaltools.gnu-tools-for-stm32.10.3-2021.10.win32_1.0.200.202301161003/tools/bin/../lib/gcc/arm-none-eabi/10.3.1/../../../../arm-none-eabi/lib/thumb/v7-m/nofp\libc_nano.a(lib_a-lock.o)
                0x0000000008007496                __retarget_lock_init_recursive
 .text.__retarget_lock_acquire_recursive
                0x0000000008007498        0x2 c:/st/stm32cubeide_1.12.1/stm32cubeide/plugins/com.st.stm32cube.ide.mcu.externaltools.gnu-tools-for-stm32.10.3-2021.10.win32_1.0.200.202301161003/tools/bin/../lib/gcc/arm-none-eabi/10.3.1/../../../../arm-none-eabi/lib/thumb/v7-m/nofp\libc_nano.a(lib_a-lock.o)
                0x0000000008007498                __retarget_lock_acquire_recursive
 .text.__retarget_lock_release_recursive
                0x000000000800749a        0x2 c:/st/stm32cubeide_1.12.1/stm32cubeide/plugins/com.st.stm32cube.ide.mcu.externaltools.gnu-tools-for-stm32.10.3-2021.10.win32_1.0.200.202301161003/tools/bin/../lib/gcc/arm-none-eabi/10.3.1/../../../../arm-none-eabi/lib/thumb/v7-m/nofp\libc_nano.a(lib_a-lock.o)
                0x000000000800749a                __retarget_lock_release_recursive
 .text.__swhatbuf_r
                0x000000000800749c       0x4a c:/st/stm32cubeide_1.12.1/stm32cubeide/plugins/com.st.stm32cube.ide.mcu.externaltools.gnu-tools-for-stm32.10.3-2021.10.win32_1.0.200.202301161003/tools/bin/../lib/gcc/arm-none-eabi/10.3.1/../../../../arm-none-eabi/lib/thumb/v7-m/nofp\libc_nano.a(lib_a-makebuf.o)
                0x000000000800749c                __swhatbuf_r
 *fill*         0x00000000080074e6        0x2 
 .text.__smakebuf_r
                0x00000000080074e8       0x80 c:/st/stm32cubeide_1.12.1/stm32cubeide/plugins/com.st.stm32cube.ide.mcu.externaltools.gnu-tools-for-stm32.10.3-2021.10.win32_1.0.200.202301161003/tools/bin/../lib/gcc/arm-none-eabi/10.3.1/../../../../arm-none-eabi/lib/thumb/v7-m/nofp\libc_nano.a(lib_a-makebuf.o)
                0x00000000080074e8                __smakebuf_r
 .text._malloc_usable_size_r
                0x0000000008007568       0x10 c:/st/stm32cubeide_1.12.1/stm32cubeide/plugins/com.st.stm32cube.ide.mcu.externaltools.gnu-tools-for-stm32.10.3-2021.10.win32_1.0.200.202301161003/tools/bin/../lib/gcc/arm-none-eabi/10.3.1/../../../../arm-none-eabi/lib/thumb/v7-m/nofp\libc_nano.a(lib_a-nano-msizer.o)
                0x0000000008007568                _malloc_usable_size_r
 .text._raise_r
                0x0000000008007578       0x50 c:/st/stm32cubeide_1.12.1/stm32cubeide/plugins/com.st.stm32cube.ide.mcu.externaltools.gnu-tools-for-stm32.10.3-2021.10.win32_1.0.200.202301161003/tools/bin/../lib/gcc/arm-none-eabi/10.3.1/../../../../arm-none-eabi/lib/thumb/v7-m/nofp\libc_nano.a(lib_a-signal.o)
                0x0000000008007578                _raise_r
 .text.raise    0x00000000080075c8       0x10 c:/st/stm32cubeide_1.12.1/stm32cubeide/plugins/com.st.stm32cube.ide.mcu.externaltools.gnu-tools-for-stm32.10.3-2021.10.win32_1.0.200.202301161003/tools/bin/../lib/gcc/arm-none-eabi/10.3.1/../../../../arm-none-eabi/lib/thumb/v7-m/nofp\libc_nano.a(lib_a-signal.o)
                0x00000000080075c8                raise
 .text._kill_r  0x00000000080075d8       0x24 c:/st/stm32cubeide_1.12.1/stm32cubeide/plugins/com.st.stm32cube.ide.mcu.externaltools.gnu-tools-for-stm32.10.3-2021.10.win32_1.0.200.202301161003/tools/bin/../lib/gcc/arm-none-eabi/10.3.1/../../../../arm-none-eabi/lib/thumb/v7-m/nofp\libc_nano.a(lib_a-signalr.o)
                0x00000000080075d8                _kill_r
 .text._getpid_r
                0x00000000080075fc        0x4 c:/st/stm32cubeide_1.12.1/stm32cubeide/plugins/com.st.stm32cube.ide.mcu.externaltools.gnu-tools-for-stm32.10.3-2021.10.win32_1.0.200.202301161003/tools/bin/../lib/gcc/arm-none-eabi/10.3.1/../../../../arm-none-eabi/lib/thumb/v7-m/nofp\libc_nano.a(lib_a-signalr.o)
                0x00000000080075fc                _getpid_r
 .text.__sread  0x0000000008007600       0x22 c:/st/stm32cubeide_1.12.1/stm32cubeide/plugins/com.st.stm32cube.ide.mcu.externaltools.gnu-tools-for-stm32.10.3-2021.10.win32_1.0.200.202301161003/tools/bin/../lib/gcc/arm-none-eabi/10.3.1/../../../../arm-none-eabi/lib/thumb/v7-m/nofp\libc_nano.a(lib_a-stdio.o)
                0x0000000008007600                __sread
 .text.__swrite
                0x0000000008007622       0x38 c:/st/stm32cubeide_1.12.1/stm32cubeide/plugins/com.st.stm32cube.ide.mcu.externaltools.gnu-tools-for-stm32.10.3-2021.10.win32_1.0.200.202301161003/tools/bin/../lib/gcc/arm-none-eabi/10.3.1/../../../../arm-none-eabi/lib/thumb/v7-m/nofp\libc_nano.a(lib_a-stdio.o)
                0x0000000008007622                __swrite
 .text.__sseek  0x000000000800765a       0x24 c:/st/stm32cubeide_1.12.1/stm32cubeide/plugins/com.st.stm32cube.ide.mcu.externaltools.gnu-tools-for-stm32.10.3-2021.10.win32_1.0.200.202301161003/tools/bin/../lib/gcc/arm-none-eabi/10.3.1/../../../../arm-none-eabi/lib/thumb/v7-m/nofp\libc_nano.a(lib_a-stdio.o)
                0x000000000800765a                __sseek
 .text.__sclose
                0x000000000800767e        0x8 c:/st/stm32cubeide_1.12.1/stm32cubeide/plugins/com.st.stm32cube.ide.mcu.externaltools.gnu-tools-for-stm32.10.3-2021.10.win32_1.0.200.202301161003/tools/bin/../lib/gcc/arm-none-eabi/10.3.1/../../../../arm-none-eabi/lib/thumb/v7-m/nofp\libc_nano.a(lib_a-stdio.o)
                0x000000000800767e                __sclose
 *fill*         0x0000000008007686        0x2 
 .text._write_r
                0x0000000008007688       0x24 c:/st/stm32cubeide_1.12.1/stm32cubeide/plugins/com.st.stm32cube.ide.mcu.externaltools.gnu-tools-for-stm32.10.3-2021.10.win32_1.0.200.202301161003/tools/bin/../lib/gcc/arm-none-eabi/10.3.1/../../../../arm-none-eabi/lib/thumb/v7-m/nofp\libc_nano.a(lib_a-writer.o)
                0x0000000008007688                _write_r
 .text._close_r
                0x00000000080076ac       0x20 c:/st/stm32cubeide_1.12.1/stm32cubeide/plugins/com.st.stm32cube.ide.mcu.externaltools.gnu-tools-for-stm32.10.3-2021.10.win32_1.0.200.202301161003/tools/bin/../lib/gcc/arm-none-eabi/10.3.1/../../../../arm-none-eabi/lib/thumb/v7-m/nofp\libc_nano.a(lib_a-closer.o)
                0x00000000080076ac                _close_r
 .text._fstat_r
                0x00000000080076cc       0x24 c:/st/stm32cubeide_1.12.1/stm32cubeide/plugins/com.st.stm32cube.ide.mcu.externaltools.gnu-tools-for-stm32.10.3-2021.10.win32_1.0.200.202301161003/tools/bin/../lib/gcc/arm-none-eabi/10.3.1/../../../../arm-none-eabi/lib/thumb/v7-m/nofp\libc_nano.a(lib_a-fstatr.o)
                0x00000000080076cc                _fstat_r
 .text._isatty_r
                0x00000000080076f0       0x20 c:/st/stm32cubeide_1.12.1/stm32cubeide/plugins/com.st.stm32cube.ide.mcu.externaltools.gnu-tools-for-stm32.10.3-2021.10.win32_1.0.200.202301161003/tools/bin/../lib/gcc/arm-none-eabi/10.3.1/../../../../arm-none-eabi/lib/thumb/v7-m/nofp\libc_nano.a(lib_a-isattyr.o)
                0x00000000080076f0                _isatty_r
 .text._lseek_r
                0x0000000008007710       0x24 c:/st/stm32cubeide_1.12.1/stm32cubeide/plugins/com.st.stm32cube.ide.mcu.externaltools.gnu-tools-for-stm32.10.3-2021.10.win32_1.0.200.202301161003/tools/bin/../lib/gcc/arm-none-eabi/10.3.1/../../../../arm-none-eabi/lib/thumb/v7-m/nofp\libc_nano.a(lib_a-lseekr.o)
                0x0000000008007710                _lseek_r
 .text._read_r  0x0000000008007734       0x24 c:/st/stm32cubeide_1.12.1/stm32cubeide/plugins/com.st.stm32cube.ide.mcu.externaltools.gnu-tools-for-stm32.10.3-2021.10.win32_1.0.200.202301161003/tools/bin/../lib/gcc/arm-none-eabi/10.3.1/../../../../arm-none-eabi/lib/thumb/v7-m/nofp\libc_nano.a(lib_a-readr.o)
                0x0000000008007734                _read_r
 *(.glue_7)
 .glue_7        0x0000000008007758        0x0 linker stubs
 *(.glue_7t)
 .glue_7t       0x0000000008007758        0x0 linker stubs
 *(.eh_frame)
 .eh_frame      0x0000000008007758        0x0 c:/st/stm32cubeide_1.12.1/stm32cubeide/plugins/com.st.stm32cube.ide.mcu.externaltools.gnu-tools-for-stm32.10.3-2021.10.win32_1.0.200.202301161003/tools/bin/../lib/gcc/arm-none-eabi/10.3.1/thumb/v7-m/nofp/crtbegin.o
 *(.init)
 .init          0x0000000008007758        0x4 c:/st/stm32cubeide_1.12.1/stm32cubeide/plugins/com.st.stm32cube.ide.mcu.externaltools.gnu-tools-for-stm32.10.3-2021.10.win32_1.0.200.202301161003/tools/bin/../lib/gcc/arm-none-eabi/10.3.1/thumb/v7-m/nofp/crti.o
                0x0000000008007758                _init
 .init          0x000000000800775c        0x8 c:/st/stm32cubeide_1.12.1/stm32cubeide/plugins/com.st.stm32cube.ide.mcu.externaltools.gnu-tools-for-stm32.10.3-2021.10.win32_1.0.200.202301161003/tools/bin/../lib/gcc/arm-none-eabi/10.3.1/thumb/v7-m/nofp/crtn.o
 *(.fini)
 .fini          0x0000000008007764        0x4 c:/st/stm32cubeide_1.12.1/stm32cubeide/plugins/com.st.stm32cube.ide.mcu.externaltools.gnu-tools-for-stm32.10.3-2021.10.win32_1.0.200.202301161003/tools/bin/../lib/gcc/arm-none-eabi/10.3.1/thumb/v7-m/nofp/crti.o
                0x0000000008007764                _fini
 .fini          0x0000000008007768        0x8 c:/st/stm32cubeide_1.12.1/stm32cubeide/plugins/com.st.stm32cube.ide.mcu.externaltools.gnu-tools-for-stm32.10.3-2021.10.win32_1.0.200.202301161003/tools/bin/../lib/gcc/arm-none-eabi/10.3.1/thumb/v7-m/nofp/crtn.o
                0x0000000008007770                . = ALIGN (0x4)
                0x0000000008007770                _etext = .

.vfp11_veneer   0x0000000008007770        0x0
 .vfp11_veneer  0x0000000008007770        0x0 linker stubs

.v4_bx          0x0000000008007770        0x0
 .v4_bx         0x0000000008007770        0x0 linker stubs

.iplt           0x0000000008007770        0x0
 .iplt          0x0000000008007770        0x0 c:/st/stm32cubeide_1.12.1/stm32cubeide/plugins/com.st.stm32cube.ide.mcu.externaltools.gnu-tools-for-stm32.10.3-2021.10.win32_1.0.200.202301161003/tools/bin/../lib/gcc/arm-none-eabi/10.3.1/thumb/v7-m/nofp/crtbegin.o

.rodata         0x0000000008007770      0x4a4
                0x0000000008007770                . = ALIGN (0x4)
 *(.rodata)
 .rodata        0x0000000008007770       0x89 ./Core/Src/main.o
 *(.rodata*)
 *fill*         0x00000000080077f9        0x3 
 .rodata.AHBPrescTable
                0x00000000080077fc       0x10 ./Core/Src/system_stm32f1xx.o
                0x00000000080077fc                AHBPrescTable
 .rodata.APBPrescTable
                0x000000000800780c        0x8 ./Core/Src/system_stm32f1xx.o
                0x000000000800780c                APBPrescTable
 .rodata.aPLLMULFactorTable.1
                0x0000000008007814       0x10 ./Drivers/STM32F1xx_HAL_Driver/Src/stm32f1xx_hal_rcc.o
 .rodata.aPredivFactorTable.0
                0x0000000008007824        0x2 ./Drivers/STM32F1xx_HAL_Driver/Src/stm32f1xx_hal_rcc.o
 *fill*         0x0000000008007826        0x2 
 .rodata.aPLLMULFactorTable.1
                0x0000000008007828       0x10 ./Drivers/STM32F1xx_HAL_Driver/Src/stm32f1xx_hal_rcc_ex.o
 .rodata.aPredivFactorTable.0
                0x0000000008007838        0x2 ./Drivers/STM32F1xx_HAL_Driver/Src/stm32f1xx_hal_rcc_ex.o
 *fill*         0x000000000800783a        0x2 
 .rodata._global_impure_ptr
                0x000000000800783c        0x4 c:/st/stm32cubeide_1.12.1/stm32cubeide/plugins/com.st.stm32cube.ide.mcu.externaltools.gnu-tools-for-stm32.10.3-2021.10.win32_1.0.200.202301161003/tools/bin/../lib/gcc/arm-none-eabi/10.3.1/../../../../arm-none-eabi/lib/thumb/v7-m/nofp\libc_nano.a(lib_a-impure.o)
                0x000000000800783c                _global_impure_ptr
 .rodata._printf_float.str1.1
                0x0000000008007840       0x12 c:/st/stm32cubeide_1.12.1/stm32cubeide/plugins/com.st.stm32cube.ide.mcu.externaltools.gnu-tools-for-stm32.10.3-2021.10.win32_1.0.200.202301161003/tools/bin/../lib/gcc/arm-none-eabi/10.3.1/../../../../arm-none-eabi/lib/thumb/v7-m/nofp\libc_nano.a(lib_a-nano-vfprintf_float.o)
 .rodata._printf_i.str1.1
                0x0000000008007852       0x22 c:/st/stm32cubeide_1.12.1/stm32cubeide/plugins/com.st.stm32cube.ide.mcu.externaltools.gnu-tools-for-stm32.10.3-2021.10.win32_1.0.200.202301161003/tools/bin/../lib/gcc/arm-none-eabi/10.3.1/../../../../arm-none-eabi/lib/thumb/v7-m/nofp\libc_nano.a(lib_a-nano-vfprintf_i.o)
 .rodata._dtoa_r.str1.1
                0x0000000008007874       0x90 c:/st/stm32cubeide_1.12.1/stm32cubeide/plugins/com.st.stm32cube.ide.mcu.externaltools.gnu-tools-for-stm32.10.3-2021.10.win32_1.0.200.202301161003/tools/bin/../lib/gcc/arm-none-eabi/10.3.1/../../../../arm-none-eabi/lib/thumb/v7-m/nofp\libc_nano.a(lib_a-dtoa.o)
                                         0x92 (size before relaxing)
 .rodata._Balloc.str1.1
                0x0000000008007904       0x5c c:/st/stm32cubeide_1.12.1/stm32cubeide/plugins/com.st.stm32cube.ide.mcu.externaltools.gnu-tools-for-stm32.10.3-2021.10.win32_1.0.200.202301161003/tools/bin/../lib/gcc/arm-none-eabi/10.3.1/../../../../arm-none-eabi/lib/thumb/v7-m/nofp\libc_nano.a(lib_a-mprec.o)
                                         0x73 (size before relaxing)
 .rodata.__multadd.str1.1
                0x0000000008007960       0x11 c:/st/stm32cubeide_1.12.1/stm32cubeide/plugins/com.st.stm32cube.ide.mcu.externaltools.gnu-tools-for-stm32.10.3-2021.10.win32_1.0.200.202301161003/tools/bin/../lib/gcc/arm-none-eabi/10.3.1/../../../../arm-none-eabi/lib/thumb/v7-m/nofp\libc_nano.a(lib_a-mprec.o)
 .rodata.__mprec_bigtens
                0x0000000008007960       0x28 c:/st/stm32cubeide_1.12.1/stm32cubeide/plugins/com.st.stm32cube.ide.mcu.externaltools.gnu-tools-for-stm32.10.3-2021.10.win32_1.0.200.202301161003/tools/bin/../lib/gcc/arm-none-eabi/10.3.1/../../../../arm-none-eabi/lib/thumb/v7-m/nofp\libc_nano.a(lib_a-mprec.o)
                0x0000000008007960                __mprec_bigtens
 .rodata.__mprec_tens
                0x0000000008007988       0xc8 c:/st/stm32cubeide_1.12.1/stm32cubeide/plugins/com.st.stm32cube.ide.mcu.externaltools.gnu-tools-for-stm32.10.3-2021.10.win32_1.0.200.202301161003/tools/bin/../lib/gcc/arm-none-eabi/10.3.1/../../../../arm-none-eabi/lib/thumb/v7-m/nofp\libc_nano.a(lib_a-mprec.o)
                0x0000000008007988                __mprec_tens
 .rodata.p05.0  0x0000000008007a50        0xc c:/st/stm32cubeide_1.12.1/stm32cubeide/plugins/com.st.stm32cube.ide.mcu.externaltools.gnu-tools-for-stm32.10.3-2021.10.win32_1.0.200.202301161003/tools/bin/../lib/gcc/arm-none-eabi/10.3.1/../../../../arm-none-eabi/lib/thumb/v7-m/nofp\libc_nano.a(lib_a-mprec.o)
 .rodata._svfprintf_r.str1.1
                0x0000000008007a5c       0x11 c:/st/stm32cubeide_1.12.1/stm32cubeide/plugins/com.st.stm32cube.ide.mcu.externaltools.gnu-tools-for-stm32.10.3-2021.10.win32_1.0.200.202301161003/tools/bin/../lib/gcc/arm-none-eabi/10.3.1/../../../../arm-none-eabi/lib/thumb/v7-m/nofp\libc_nano.a(lib_a-nano-svfprintf.o)
 .rodata.__assert_func.str1.1
                0x0000000008007a6d       0x3c c:/st/stm32cubeide_1.12.1/stm32cubeide/plugins/com.st.stm32cube.ide.mcu.externaltools.gnu-tools-for-stm32.10.3-2021.10.win32_1.0.200.202301161003/tools/bin/../lib/gcc/arm-none-eabi/10.3.1/../../../../arm-none-eabi/lib/thumb/v7-m/nofp\libc_nano.a(lib_a-assert.o)
                                         0x3d (size before relaxing)
 .rodata._setlocale_r.str1.1
                0x0000000008007aa9        0x8 c:/st/stm32cubeide_1.12.1/stm32cubeide/plugins/com.st.stm32cube.ide.mcu.externaltools.gnu-tools-for-stm32.10.3-2021.10.win32_1.0.200.202301161003/tools/bin/../lib/gcc/arm-none-eabi/10.3.1/../../../../arm-none-eabi/lib/thumb/v7-m/nofp\libc_nano.a(lib_a-locale.o)
                                          0x9 (size before relaxing)
 .rodata.str1.1
                0x0000000008007ab1        0x2 c:/st/stm32cubeide_1.12.1/stm32cubeide/plugins/com.st.stm32cube.ide.mcu.externaltools.gnu-tools-for-stm32.10.3-2021.10.win32_1.0.200.202301161003/tools/bin/../lib/gcc/arm-none-eabi/10.3.1/../../../../arm-none-eabi/lib/thumb/v7-m/nofp\libc_nano.a(lib_a-locale.o)
 .rodata._vfprintf_r.str1.1
                0x0000000008007ab3       0x11 c:/st/stm32cubeide_1.12.1/stm32cubeide/plugins/com.st.stm32cube.ide.mcu.externaltools.gnu-tools-for-stm32.10.3-2021.10.win32_1.0.200.202301161003/tools/bin/../lib/gcc/arm-none-eabi/10.3.1/../../../../arm-none-eabi/lib/thumb/v7-m/nofp\libc_nano.a(lib_a-nano-vfprintf.o)
 .rodata._ctype_
                0x0000000008007ab3      0x101 c:/st/stm32cubeide_1.12.1/stm32cubeide/plugins/com.st.stm32cube.ide.mcu.externaltools.gnu-tools-for-stm32.10.3-2021.10.win32_1.0.200.202301161003/tools/bin/../lib/gcc/arm-none-eabi/10.3.1/../../../../arm-none-eabi/lib/thumb/v7-m/nofp\libc_nano.a(lib_a-ctype_.o)
                0x0000000008007ab3                _ctype_
 .rodata.__sf_fake_stderr
                0x0000000008007bb4       0x20 c:/st/stm32cubeide_1.12.1/stm32cubeide/plugins/com.st.stm32cube.ide.mcu.externaltools.gnu-tools-for-stm32.10.3-2021.10.win32_1.0.200.202301161003/tools/bin/../lib/gcc/arm-none-eabi/10.3.1/../../../../arm-none-eabi/lib/thumb/v7-m/nofp\libc_nano.a(lib_a-findfp.o)
                0x0000000008007bb4                __sf_fake_stderr
 .rodata.__sf_fake_stdin
                0x0000000008007bd4       0x20 c:/st/stm32cubeide_1.12.1/stm32cubeide/plugins/com.st.stm32cube.ide.mcu.externaltools.gnu-tools-for-stm32.10.3-2021.10.win32_1.0.200.202301161003/tools/bin/../lib/gcc/arm-none-eabi/10.3.1/../../../../arm-none-eabi/lib/thumb/v7-m/nofp\libc_nano.a(lib_a-findfp.o)
                0x0000000008007bd4                __sf_fake_stdin
 .rodata.__sf_fake_stdout
                0x0000000008007bf4       0x20 c:/st/stm32cubeide_1.12.1/stm32cubeide/plugins/com.st.stm32cube.ide.mcu.externaltools.gnu-tools-for-stm32.10.3-2021.10.win32_1.0.200.202301161003/tools/bin/../lib/gcc/arm-none-eabi/10.3.1/../../../../arm-none-eabi/lib/thumb/v7-m/nofp\libc_nano.a(lib_a-findfp.o)
                0x0000000008007bf4                __sf_fake_stdout
                0x0000000008007c14                . = ALIGN (0x4)

.rel.dyn        0x0000000008007c14        0x0
 .rel.iplt      0x0000000008007c14        0x0 c:/st/stm32cubeide_1.12.1/stm32cubeide/plugins/com.st.stm32cube.ide.mcu.externaltools.gnu-tools-for-stm32.10.3-2021.10.win32_1.0.200.202301161003/tools/bin/../lib/gcc/arm-none-eabi/10.3.1/thumb/v7-m/nofp/crtbegin.o

.ARM.extab      0x0000000008007c14        0x0
                0x0000000008007c14                . = ALIGN (0x4)
 *(.ARM.extab* .gnu.linkonce.armextab.*)
                0x0000000008007c14                . = ALIGN (0x4)

.ARM            0x0000000008007c14        0x0
                0x0000000008007c14                . = ALIGN (0x4)
                0x0000000008007c14                __exidx_start = .
 *(.ARM.exidx*)
                0x0000000008007c14                __exidx_end = .
                0x0000000008007c14                . = ALIGN (0x4)

.preinit_array  0x0000000008007c14        0x0
                0x0000000008007c14                . = ALIGN (0x4)
                0x0000000008007c14                PROVIDE (__preinit_array_start = .)
 *(.preinit_array*)
                0x0000000008007c14                PROVIDE (__preinit_array_end = .)
                0x0000000008007c14                . = ALIGN (0x4)

.init_array     0x0000000008007c14        0x4
                0x0000000008007c14                . = ALIGN (0x4)
                0x0000000008007c14                PROVIDE (__init_array_start = .)
 *(SORT_BY_NAME(.init_array.*))
 *(.init_array*)
 .init_array    0x0000000008007c14        0x4 c:/st/stm32cubeide_1.12.1/stm32cubeide/plugins/com.st.stm32cube.ide.mcu.externaltools.gnu-tools-for-stm32.10.3-2021.10.win32_1.0.200.202301161003/tools/bin/../lib/gcc/arm-none-eabi/10.3.1/thumb/v7-m/nofp/crtbegin.o
                0x0000000008007c18                PROVIDE (__init_array_end = .)
                0x0000000008007c18                . = ALIGN (0x4)

.fini_array     0x0000000008007c18        0x4
                0x0000000008007c18                . = ALIGN (0x4)
                [!provide]                        PROVIDE (__fini_array_start = .)
 *(SORT_BY_NAME(.fini_array.*))
 *(.fini_array*)
 .fini_array    0x0000000008007c18        0x4 c:/st/stm32cubeide_1.12.1/stm32cubeide/plugins/com.st.stm32cube.ide.mcu.externaltools.gnu-tools-for-stm32.10.3-2021.10.win32_1.0.200.202301161003/tools/bin/../lib/gcc/arm-none-eabi/10.3.1/thumb/v7-m/nofp/crtbegin.o
                [!provide]                        PROVIDE (__fini_array_end = .)
                0x0000000008007c1c                . = ALIGN (0x4)
                0x0000000008007c1c                _sidata = LOADADDR (.data)

.data           0x0000000020000000      0x1e8 load address 0x0000000008007c1c
                0x0000000020000000                . = ALIGN (0x4)
                0x0000000020000000                _sdata = .
 *(.data)
 *(.data*)
 .data._fourbit_mode
                0x0000000020000000        0x1 ./Core/Src/LiquidCrystal.o
                0x0000000020000000                _fourbit_mode
 *fill*         0x0000000020000001        0x3 
 .data.threshold
                0x0000000020000004        0x4 ./Core/Src/main.o
                0x0000000020000004                threshold
 .data.humidity
                0x0000000020000008        0x1 ./Core/Src/main.o
                0x0000000020000008                humidity
 *fill*         0x0000000020000009        0x3 
 .data.SystemCoreClock
                0x000000002000000c        0x4 ./Core/Src/system_stm32f1xx.o
                0x000000002000000c                SystemCoreClock
 .data.uwTickPrio
                0x0000000020000010        0x4 ./Drivers/STM32F1xx_HAL_Driver/Src/stm32f1xx_hal.o
                0x0000000020000010                uwTickPrio
 .data.uwTickFreq
                0x0000000020000014        0x1 ./Drivers/STM32F1xx_HAL_Driver/Src/stm32f1xx_hal.o
                0x0000000020000014                uwTickFreq
 *fill*         0x0000000020000015        0x3 
 .data._impure_ptr
                0x0000000020000018        0x4 c:/st/stm32cubeide_1.12.1/stm32cubeide/plugins/com.st.stm32cube.ide.mcu.externaltools.gnu-tools-for-stm32.10.3-2021.10.win32_1.0.200.202301161003/tools/bin/../lib/gcc/arm-none-eabi/10.3.1/../../../../arm-none-eabi/lib/thumb/v7-m/nofp\libc_nano.a(lib_a-impure.o)
                0x0000000020000018                _impure_ptr
 .data.impure_data
                0x000000002000001c       0x60 c:/st/stm32cubeide_1.12.1/stm32cubeide/plugins/com.st.stm32cube.ide.mcu.externaltools.gnu-tools-for-stm32.10.3-2021.10.win32_1.0.200.202301161003/tools/bin/../lib/gcc/arm-none-eabi/10.3.1/../../../../arm-none-eabi/lib/thumb/v7-m/nofp\libc_nano.a(lib_a-impure.o)
 .data.__global_locale
                0x000000002000007c      0x16c c:/st/stm32cubeide_1.12.1/stm32cubeide/plugins/com.st.stm32cube.ide.mcu.externaltools.gnu-tools-for-stm32.10.3-2021.10.win32_1.0.200.202301161003/tools/bin/../lib/gcc/arm-none-eabi/10.3.1/../../../../arm-none-eabi/lib/thumb/v7-m/nofp\libc_nano.a(lib_a-locale.o)
                0x000000002000007c                __global_locale
 *(.RamFunc)
 *(.RamFunc*)
                0x00000000200001e8                . = ALIGN (0x4)
                0x00000000200001e8                _edata = .

.igot.plt       0x00000000200001e8        0x0 load address 0x0000000008007e04
 .igot.plt      0x00000000200001e8        0x0 c:/st/stm32cubeide_1.12.1/stm32cubeide/plugins/com.st.stm32cube.ide.mcu.externaltools.gnu-tools-for-stm32.10.3-2021.10.win32_1.0.200.202301161003/tools/bin/../lib/gcc/arm-none-eabi/10.3.1/thumb/v7-m/nofp/crtbegin.o
                0x00000000200001e8                . = ALIGN (0x4)

.bss            0x00000000200001e8      0x160 load address 0x0000000008007e04
                0x00000000200001e8                _sbss = .
                0x00000000200001e8                __bss_start__ = _sbss
 *(.bss)
 .bss           0x00000000200001e8       0x1c c:/st/stm32cubeide_1.12.1/stm32cubeide/plugins/com.st.stm32cube.ide.mcu.externaltools.gnu-tools-for-stm32.10.3-2021.10.win32_1.0.200.202301161003/tools/bin/../lib/gcc/arm-none-eabi/10.3.1/thumb/v7-m/nofp/crtbegin.o
 *(.bss*)
 .bss.dotsize   0x0000000020000204        0x1 ./Core/Src/LiquidCrystal.o
                0x0000000020000204                dotsize
 *fill*         0x0000000020000205        0x1 
 .bss._rs_pin   0x0000000020000206        0x2 ./Core/Src/LiquidCrystal.o
                0x0000000020000206                _rs_pin
 .bss._rw_pin   0x0000000020000208        0x2 ./Core/Src/LiquidCrystal.o
                0x0000000020000208                _rw_pin
 .bss._enable_pin
                0x000000002000020a        0x2 ./Core/Src/LiquidCrystal.o
                0x000000002000020a                _enable_pin
 .bss._data_pins
                0x000000002000020c       0x10 ./Core/Src/LiquidCrystal.o
                0x000000002000020c                _data_pins
 .bss._port     0x000000002000021c        0x4 ./Core/Src/LiquidCrystal.o
                0x000000002000021c                _port
 .bss._displayfunction
                0x0000000020000220        0x1 ./Core/Src/LiquidCrystal.o
                0x0000000020000220                _displayfunction
 .bss._displaycontrol
                0x0000000020000221        0x1 ./Core/Src/LiquidCrystal.o
                0x0000000020000221                _displaycontrol
 .bss._displaymode
                0x0000000020000222        0x1 ./Core/Src/LiquidCrystal.o
                0x0000000020000222                _displaymode
 .bss._numlines
                0x0000000020000223        0x1 ./Core/Src/LiquidCrystal.o
                0x0000000020000223                _numlines
 .bss._row_offsets
                0x0000000020000224        0x4 ./Core/Src/LiquidCrystal.o
                0x0000000020000224                _row_offsets
 .bss.hadc1     0x0000000020000228       0x30 ./Core/Src/main.o
                0x0000000020000228                hadc1
 .bss.htim2     0x0000000020000258       0x48 ./Core/Src/main.o
                0x0000000020000258                htim2
 .bss.huart1    0x00000000200002a0       0x48 ./Core/Src/main.o
                0x00000000200002a0                huart1
 .bss.adcValue  0x00000000200002e8        0x4 ./Core/Src/main.o
                0x00000000200002e8                adcValue
 .bss.temperature
                0x00000000200002ec        0x4 ./Core/Src/main.o
                0x00000000200002ec                temperature
 .bss.buffer    0x00000000200002f0       0x32 ./Core/Src/main.o
                0x00000000200002f0                buffer
 *fill*         0x0000000020000322        0x2 
 .bss.sum       0x0000000020000324        0x4 ./Core/Src/main.o
                0x0000000020000324                sum
 .bss.count     0x0000000020000328        0x4 ./Core/Src/main.o
                0x0000000020000328                count
 .bss.ort       0x000000002000032c        0x4 ./Core/Src/main.o
                0x000000002000032c                ort
 .bss.__sbrk_heap_end
                0x0000000020000330        0x4 ./Core/Src/sysmem.o
 .bss.uwTick    0x0000000020000334        0x4 ./Drivers/STM32F1xx_HAL_Driver/Src/stm32f1xx_hal.o
                0x0000000020000334                uwTick
 .bss.__malloc_free_list
                0x0000000020000338        0x4 c:/st/stm32cubeide_1.12.1/stm32cubeide/plugins/com.st.stm32cube.ide.mcu.externaltools.gnu-tools-for-stm32.10.3-2021.10.win32_1.0.200.202301161003/tools/bin/../lib/gcc/arm-none-eabi/10.3.1/../../../../arm-none-eabi/lib/thumb/v7-m/nofp\libc_nano.a(lib_a-nano-mallocr.o)
                0x0000000020000338                __malloc_free_list
 .bss.__malloc_sbrk_start
                0x000000002000033c        0x4 c:/st/stm32cubeide_1.12.1/stm32cubeide/plugins/com.st.stm32cube.ide.mcu.externaltools.gnu-tools-for-stm32.10.3-2021.10.win32_1.0.200.202301161003/tools/bin/../lib/gcc/arm-none-eabi/10.3.1/../../../../arm-none-eabi/lib/thumb/v7-m/nofp\libc_nano.a(lib_a-nano-mallocr.o)
                0x000000002000033c                __malloc_sbrk_start
 .bss.errno     0x0000000020000340        0x4 c:/st/stm32cubeide_1.12.1/stm32cubeide/plugins/com.st.stm32cube.ide.mcu.externaltools.gnu-tools-for-stm32.10.3-2021.10.win32_1.0.200.202301161003/tools/bin/../lib/gcc/arm-none-eabi/10.3.1/../../../../arm-none-eabi/lib/thumb/v7-m/nofp\libc_nano.a(lib_a-reent.o)
                0x0000000020000340                errno
 .bss.__lock___malloc_recursive_mutex
                0x0000000020000344        0x1 c:/st/stm32cubeide_1.12.1/stm32cubeide/plugins/com.st.stm32cube.ide.mcu.externaltools.gnu-tools-for-stm32.10.3-2021.10.win32_1.0.200.202301161003/tools/bin/../lib/gcc/arm-none-eabi/10.3.1/../../../../arm-none-eabi/lib/thumb/v7-m/nofp\libc_nano.a(lib_a-lock.o)
                0x0000000020000344                __lock___malloc_recursive_mutex
 .bss.__lock___sfp_recursive_mutex
                0x0000000020000345        0x1 c:/st/stm32cubeide_1.12.1/stm32cubeide/plugins/com.st.stm32cube.ide.mcu.externaltools.gnu-tools-for-stm32.10.3-2021.10.win32_1.0.200.202301161003/tools/bin/../lib/gcc/arm-none-eabi/10.3.1/../../../../arm-none-eabi/lib/thumb/v7-m/nofp\libc_nano.a(lib_a-lock.o)
                0x0000000020000345                __lock___sfp_recursive_mutex
 .bss.__lock___sinit_recursive_mutex
                0x0000000020000346        0x1 c:/st/stm32cubeide_1.12.1/stm32cubeide/plugins/com.st.stm32cube.ide.mcu.externaltools.gnu-tools-for-stm32.10.3-2021.10.win32_1.0.200.202301161003/tools/bin/../lib/gcc/arm-none-eabi/10.3.1/../../../../arm-none-eabi/lib/thumb/v7-m/nofp\libc_nano.a(lib_a-lock.o)
                0x0000000020000346                __lock___sinit_recursive_mutex
 *(COMMON)
                0x0000000020000348                . = ALIGN (0x4)
 *fill*         0x0000000020000347        0x1 
                0x0000000020000348                _ebss = .
                0x0000000020000348                __bss_end__ = _ebss

._user_heap_stack
                0x0000000020000348      0x600 load address 0x0000000008007e04
                0x0000000020000348                . = ALIGN (0x8)
                [!provide]                        PROVIDE (end = .)
                0x0000000020000348                PROVIDE (_end = .)
                0x0000000020000548                . = (. + _Min_Heap_Size)
 *fill*         0x0000000020000348      0x200 
                0x0000000020000948                . = (. + _Min_Stack_Size)
 *fill*         0x0000000020000548      0x400 
                0x0000000020000948                . = ALIGN (0x8)

/DISCARD/
 libc.a(*)
 libm.a(*)
 libgcc.a(*)

.ARM.attributes
                0x0000000000000000       0x29
 *(.ARM.attributes)
 .ARM.attributes
                0x0000000000000000       0x1d c:/st/stm32cubeide_1.12.1/stm32cubeide/plugins/com.st.stm32cube.ide.mcu.externaltools.gnu-tools-for-stm32.10.3-2021.10.win32_1.0.200.202301161003/tools/bin/../lib/gcc/arm-none-eabi/10.3.1/thumb/v7-m/nofp/crti.o
 .ARM.attributes
                0x000000000000001d       0x2d c:/st/stm32cubeide_1.12.1/stm32cubeide/plugins/com.st.stm32cube.ide.mcu.externaltools.gnu-tools-for-stm32.10.3-2021.10.win32_1.0.200.202301161003/tools/bin/../lib/gcc/arm-none-eabi/10.3.1/thumb/v7-m/nofp/crtbegin.o
 .ARM.attributes
                0x000000000000004a       0x2d ./Core/Src/LiquidCrystal.o
 .ARM.attributes
                0x0000000000000077       0x2d ./Core/Src/main.o
 .ARM.attributes
                0x00000000000000a4       0x2d ./Core/Src/stm32f1xx_hal_msp.o
 .ARM.attributes
                0x00000000000000d1       0x2d ./Core/Src/stm32f1xx_it.o
 .ARM.attributes
                0x00000000000000fe       0x2d ./Core/Src/syscalls.o
 .ARM.attributes
                0x000000000000012b       0x2d ./Core/Src/sysmem.o
 .ARM.attributes
                0x0000000000000158       0x2d ./Core/Src/system_stm32f1xx.o
 .ARM.attributes
                0x0000000000000185       0x21 ./Core/Startup/startup_stm32f103c6tx.o
 .ARM.attributes
                0x00000000000001a6       0x2d ./Drivers/STM32F1xx_HAL_Driver/Src/stm32f1xx_hal.o
 .ARM.attributes
                0x00000000000001d3       0x2d ./Drivers/STM32F1xx_HAL_Driver/Src/stm32f1xx_hal_adc.o
 .ARM.attributes
                0x0000000000000200       0x2d ./Drivers/STM32F1xx_HAL_Driver/Src/stm32f1xx_hal_adc_ex.o
 .ARM.attributes
                0x000000000000022d       0x2d ./Drivers/STM32F1xx_HAL_Driver/Src/stm32f1xx_hal_cortex.o
 .ARM.attributes
                0x000000000000025a       0x2d ./Drivers/STM32F1xx_HAL_Driver/Src/stm32f1xx_hal_gpio.o
 .ARM.attributes
                0x0000000000000287       0x2d ./Drivers/STM32F1xx_HAL_Driver/Src/stm32f1xx_hal_rcc.o
 .ARM.attributes
                0x00000000000002b4       0x2d ./Drivers/STM32F1xx_HAL_Driver/Src/stm32f1xx_hal_rcc_ex.o
 .ARM.attributes
                0x00000000000002e1       0x2d ./Drivers/STM32F1xx_HAL_Driver/Src/stm32f1xx_hal_tim.o
 .ARM.attributes
                0x000000000000030e       0x2d ./Drivers/STM32F1xx_HAL_Driver/Src/stm32f1xx_hal_tim_ex.o
 .ARM.attributes
                0x000000000000033b       0x2d ./Drivers/STM32F1xx_HAL_Driver/Src/stm32f1xx_hal_uart.o
 .ARM.attributes
                0x0000000000000368       0x2d c:/st/stm32cubeide_1.12.1/stm32cubeide/plugins/com.st.stm32cube.ide.mcu.externaltools.gnu-tools-for-stm32.10.3-2021.10.win32_1.0.200.202301161003/tools/bin/../lib/gcc/arm-none-eabi/10.3.1/../../../../arm-none-eabi/lib/thumb/v7-m/nofp\libc_nano.a(lib_a-errno.o)
 .ARM.attributes
                0x0000000000000395       0x2d c:/st/stm32cubeide_1.12.1/stm32cubeide/plugins/com.st.stm32cube.ide.mcu.externaltools.gnu-tools-for-stm32.10.3-2021.10.win32_1.0.200.202301161003/tools/bin/../lib/gcc/arm-none-eabi/10.3.1/../../../../arm-none-eabi/lib/thumb/v7-m/nofp\libc_nano.a(lib_a-impure.o)
 .ARM.attributes
                0x00000000000003c2       0x2d c:/st/stm32cubeide_1.12.1/stm32cubeide/plugins/com.st.stm32cube.ide.mcu.externaltools.gnu-tools-for-stm32.10.3-2021.10.win32_1.0.200.202301161003/tools/bin/../lib/gcc/arm-none-eabi/10.3.1/../../../../arm-none-eabi/lib/thumb/v7-m/nofp\libc_nano.a(lib_a-init.o)
 .ARM.attributes
                0x00000000000003ef       0x2d c:/st/stm32cubeide_1.12.1/stm32cubeide/plugins/com.st.stm32cube.ide.mcu.externaltools.gnu-tools-for-stm32.10.3-2021.10.win32_1.0.200.202301161003/tools/bin/../lib/gcc/arm-none-eabi/10.3.1/../../../../arm-none-eabi/lib/thumb/v7-m/nofp\libc_nano.a(lib_a-memset.o)
 .ARM.attributes
                0x000000000000041c       0x2d c:/st/stm32cubeide_1.12.1/stm32cubeide/plugins/com.st.stm32cube.ide.mcu.externaltools.gnu-tools-for-stm32.10.3-2021.10.win32_1.0.200.202301161003/tools/bin/../lib/gcc/arm-none-eabi/10.3.1/../../../../arm-none-eabi/lib/thumb/v7-m/nofp\libc_nano.a(lib_a-nano-vfprintf_float.o)
 .ARM.attributes
                0x0000000000000449       0x2d c:/st/stm32cubeide_1.12.1/stm32cubeide/plugins/com.st.stm32cube.ide.mcu.externaltools.gnu-tools-for-stm32.10.3-2021.10.win32_1.0.200.202301161003/tools/bin/../lib/gcc/arm-none-eabi/10.3.1/../../../../arm-none-eabi/lib/thumb/v7-m/nofp\libc_nano.a(lib_a-nano-vfprintf_i.o)
 .ARM.attributes
                0x0000000000000476       0x2d c:/st/stm32cubeide_1.12.1/stm32cubeide/plugins/com.st.stm32cube.ide.mcu.externaltools.gnu-tools-for-stm32.10.3-2021.10.win32_1.0.200.202301161003/tools/bin/../lib/gcc/arm-none-eabi/10.3.1/../../../../arm-none-eabi/lib/thumb/v7-m/nofp\libc_nano.a(lib_a-sprintf.o)
 .ARM.attributes
                0x00000000000004a3       0x17 c:/st/stm32cubeide_1.12.1/stm32cubeide/plugins/com.st.stm32cube.ide.mcu.externaltools.gnu-tools-for-stm32.10.3-2021.10.win32_1.0.200.202301161003/tools/bin/../lib/gcc/arm-none-eabi/10.3.1/../../../../arm-none-eabi/lib/thumb/v7-m/nofp\libc_nano.a(lib_a-strlen.o)
 .ARM.attributes
                0x00000000000004ba       0x2d c:/st/stm32cubeide_1.12.1/stm32cubeide/plugins/com.st.stm32cube.ide.mcu.externaltools.gnu-tools-for-stm32.10.3-2021.10.win32_1.0.200.202301161003/tools/bin/../lib/gcc/arm-none-eabi/10.3.1/../../../../arm-none-eabi/lib/thumb/v7-m/nofp\libc_nano.a(lib_a-dtoa.o)
 .ARM.attributes
                0x00000000000004e7       0x2d c:/st/stm32cubeide_1.12.1/stm32cubeide/plugins/com.st.stm32cube.ide.mcu.externaltools.gnu-tools-for-stm32.10.3-2021.10.win32_1.0.200.202301161003/tools/bin/../lib/gcc/arm-none-eabi/10.3.1/../../../../arm-none-eabi/lib/thumb/v7-m/nofp\libc_nano.a(lib_a-localeconv.o)
 .ARM.attributes
                0x0000000000000514       0x2d c:/st/stm32cubeide_1.12.1/stm32cubeide/plugins/com.st.stm32cube.ide.mcu.externaltools.gnu-tools-for-stm32.10.3-2021.10.win32_1.0.200.202301161003/tools/bin/../lib/gcc/arm-none-eabi/10.3.1/../../../../arm-none-eabi/lib/thumb/v7-m/nofp\libc_nano.a(lib_a-malloc.o)
 .ARM.attributes
                0x0000000000000541       0x2d c:/st/stm32cubeide_1.12.1/stm32cubeide/plugins/com.st.stm32cube.ide.mcu.externaltools.gnu-tools-for-stm32.10.3-2021.10.win32_1.0.200.202301161003/tools/bin/../lib/gcc/arm-none-eabi/10.3.1/../../../../arm-none-eabi/lib/thumb/v7-m/nofp\libc_nano.a(lib_a-memchr-stub.o)
 .ARM.attributes