../Core/Src/main.c:84:6:DHT11_ReadData	24	static
../Core/Src/main.c:148:5:main	24	static
../Core/Src/main.c:267:6:SystemClock_Config	88	static
../Core/Src/main.c:311:13:MX_ADC1_Init	24	static
../Core/Src/main.c:358:13:MX_TIM2_Init	32	static
../Core/Src/main.c:403:13:MX_USART1_UART_Init	8	static
../Core/Src/main.c:436:13:MX_GPIO_Init	40	static
../Core/Src/main.c:485:6:tempread	16	static
../Core/Src/main.c:504:6:tempread_periodic	16	static
../Core/Src/main.c:535:6:read_humidity	8	static
../Core/Src/main.c:543:6:HAL_TIM_PeriodElapsedCallback	16	static
../Core/Src/main.c:557:6:Error_Handler	4	static,ignoring_inline_asm
